../Middlewares/Third_Party/LoRaWAN/Mac/LoRaMacCrypto.c:145:30:PayloadEncrypt	56	static
../Middlewares/Third_Party/LoRaWAN/Mac/LoRaMacCrypto.c:387:30:VerifyCmacB0.constprop	296	static
../Middlewares/Third_Party/LoRaWAN/Mac/LoRaMacCrypto.c:923:23:LoRaMacCryptoInit	8	static
../Middlewares/Third_Party/LoRaWAN/Mac/LoRaMacCrypto.c:948:23:LoRaMacCryptoSetLrWanVersion	0	static
../Middlewares/Third_Party/LoRaWAN/Mac/LoRaMacCrypto.c:954:23:LoRaMacCryptoGetFCntUp	0	static
../Middlewares/Third_Party/LoRaWAN/Mac/LoRaMacCrypto.c:966:23:LoRaMacCryptoGetFCntDown	4	static
../Middlewares/Third_Party/LoRaWAN/Mac/LoRaMacCrypto.c:1066:23:LoRaMacCryptoGetRJcount	0	static
../Middlewares/Third_Party/LoRaWAN/Mac/LoRaMacCrypto.c:1090:23:LoRaMacCryptoSetMulticastReference	0	static
../Middlewares/Third_Party/LoRaWAN/Mac/LoRaMacCrypto.c:1105:23:LoRaMacCryptoSetKey	32	static
../Middlewares/Third_Party/LoRaWAN/Mac/LoRaMacCrypto.c:1130:23:LoRaMacCryptoPrepareJoinRequest	24	static
../Middlewares/Third_Party/LoRaWAN/Mac/LoRaMacCrypto.c:1181:23:LoRaMacCryptoPrepareReJoinType1	0	static
../Middlewares/Third_Party/LoRaWAN/Mac/LoRaMacCrypto.c:1223:23:LoRaMacCryptoPrepareReJoinType0or2	0	static
../Middlewares/Third_Party/LoRaWAN/Mac/LoRaMacCrypto.c:1265:23:LoRaMacCryptoHandleJoinAccept	120	static
../Middlewares/Third_Party/LoRaWAN/Mac/LoRaMacCrypto.c:1447:23:LoRaMacCryptoSecureMessage	48	static
../Middlewares/Third_Party/LoRaWAN/Mac/LoRaMacCrypto.c:1551:23:LoRaMacCryptoUnsecureMessage	40	static
../Middlewares/Third_Party/LoRaWAN/Mac/LoRaMacCrypto.c:1645:23:LoRaMacCryptoComputeDataBlock	40	static
../Middlewares/Third_Party/LoRaWAN/Mac/LoRaMacCrypto.c:1659:23:LoRaMacCryptoDeriveLifeTimeKey	24	static
../Middlewares/Third_Party/LoRaWAN/Mac/LoRaMacCrypto.c:1689:23:LoRaMacCryptoDeriveMcSessionKeyPair	40	static
