../LoRaWAN/App/lora_app.c:576:13:OnSysTimeUpdate	0	static
../LoRaWAN/App/lora_app.c:624:13:OnTxFrameCtrlChanged	0	static
../LoRaWAN/App/lora_app.c:635:13:OnPingSlotPeriodicityChanged	0	static
../LoRaWAN/App/lora_app.c:454:13:OnTxTimerEvent	8	static
../LoRaWAN/App/lora_app.c:590:13:OnMacProcessNotify	0	static
../LoRaWAN/App/lora_app.c:602:13:OnTxPeriodicityChanged	8	static
../LoRaWAN/App/lora_app.c:583:13:OnClassChange	16	static
../LoRaWAN/App/lora_app.c:511:13:OnJoinRequest	24	static
../LoRaWAN/App/lora_app.c:764:13:OnRestoreContextRequest	0	static
../LoRaWAN/App/lora_app.c:660:13:StopJoin	16	static
../LoRaWAN/App/lora_app.c:418:13:SendTxData	24	static
../LoRaWAN/App/lora_app.c:695:13:OnStopJoinTimerEvent	0	static
../LoRaWAN/App/lora_app.c:646:13:OnSystemReset	8	static,ignoring_inline_asm
../LoRaWAN/App/lora_app.c:541:13:OnBeaconStatusChange	64	static
../LoRaWAN/App/lora_app.c:731:13:OnNvmDataChange	0	static
../LoRaWAN/App/lora_app.c:749:13:OnStoreContextRequest	16	static
../LoRaWAN/App/lora_app.c:709:13:StoreContext	8	static
../LoRaWAN/App/lora_app.c:395:13:OnRxData	40	static
../LoRaWAN/App/lora_app.c:482:13:OnTxData	32	static
../LoRaWAN/App/lora_app.c:305:6:LoRaWAN_Init	24	static
../LoRaWAN/App/lora_app.c:366:6:HAL_GPIO_EXTI_Callback	8	static
