Archive member included to satisfy reference by file (symbol)

C:/ST/STM32CubeIDE_1.13.2/STM32CubeIDE/plugins/com.st.stm32cube.ide.mcu.externaltools.gnu-tools-for-stm32.12.3.rel1.win32_1.0.200.202406191623/tools/bin/../lib/gcc/arm-none-eabi/12.3.1/../../../../arm-none-eabi/lib/thumb/v7e-m/nofp\libc_nano.a(libc_a-exit.o)
                              C:/ST/STM32CubeIDE_1.13.2/STM32CubeIDE/plugins/com.st.stm32cube.ide.mcu.externaltools.gnu-tools-for-stm32.12.3.rel1.win32_1.0.200.202406191623/tools/bin/../lib/gcc/arm-none-eabi/12.3.1/../../../../arm-none-eabi/lib/thumb/v7e-m/nofp/crt0.o (exit)
C:/ST/STM32CubeIDE_1.13.2/STM32CubeIDE/plugins/com.st.stm32cube.ide.mcu.externaltools.gnu-tools-for-stm32.12.3.rel1.win32_1.0.200.202406191623/tools/bin/../lib/gcc/arm-none-eabi/12.3.1/../../../../arm-none-eabi/lib/thumb/v7e-m/nofp\libc_nano.a(libc_a-findfp.o)
                              C:/ST/STM32CubeIDE_1.13.2/STM32CubeIDE/plugins/com.st.stm32cube.ide.mcu.externaltools.gnu-tools-for-stm32.12.3.rel1.win32_1.0.200.202406191623/tools/bin/../lib/gcc/arm-none-eabi/12.3.1/../../../../arm-none-eabi/lib/thumb/v7e-m/nofp\libc_nano.a(libc_a-exit.o) (__stdio_exit_handler)
C:/ST/STM32CubeIDE_1.13.2/STM32CubeIDE/plugins/com.st.stm32cube.ide.mcu.externaltools.gnu-tools-for-stm32.12.3.rel1.win32_1.0.200.202406191623/tools/bin/../lib/gcc/arm-none-eabi/12.3.1/../../../../arm-none-eabi/lib/thumb/v7e-m/nofp\libc_nano.a(libc_a-fwalk.o)
                              C:/ST/STM32CubeIDE_1.13.2/STM32CubeIDE/plugins/com.st.stm32cube.ide.mcu.externaltools.gnu-tools-for-stm32.12.3.rel1.win32_1.0.200.202406191623/tools/bin/../lib/gcc/arm-none-eabi/12.3.1/../../../../arm-none-eabi/lib/thumb/v7e-m/nofp\libc_nano.a(libc_a-findfp.o) (_fwalk_sglue)
C:/ST/STM32CubeIDE_1.13.2/STM32CubeIDE/plugins/com.st.stm32cube.ide.mcu.externaltools.gnu-tools-for-stm32.12.3.rel1.win32_1.0.200.202406191623/tools/bin/../lib/gcc/arm-none-eabi/12.3.1/../../../../arm-none-eabi/lib/thumb/v7e-m/nofp\libc_nano.a(libc_a-stdio.o)
                              C:/ST/STM32CubeIDE_1.13.2/STM32CubeIDE/plugins/com.st.stm32cube.ide.mcu.externaltools.gnu-tools-for-stm32.12.3.rel1.win32_1.0.200.202406191623/tools/bin/../lib/gcc/arm-none-eabi/12.3.1/../../../../arm-none-eabi/lib/thumb/v7e-m/nofp\libc_nano.a(libc_a-findfp.o) (__sread)
C:/ST/STM32CubeIDE_1.13.2/STM32CubeIDE/plugins/com.st.stm32cube.ide.mcu.externaltools.gnu-tools-for-stm32.12.3.rel1.win32_1.0.200.202406191623/tools/bin/../lib/gcc/arm-none-eabi/12.3.1/../../../../arm-none-eabi/lib/thumb/v7e-m/nofp\libc_nano.a(libc_a-memset.o)
                              C:/ST/STM32CubeIDE_1.13.2/STM32CubeIDE/plugins/com.st.stm32cube.ide.mcu.externaltools.gnu-tools-for-stm32.12.3.rel1.win32_1.0.200.202406191623/tools/bin/../lib/gcc/arm-none-eabi/12.3.1/../../../../arm-none-eabi/lib/thumb/v7e-m/nofp/crt0.o (memset)
C:/ST/STM32CubeIDE_1.13.2/STM32CubeIDE/plugins/com.st.stm32cube.ide.mcu.externaltools.gnu-tools-for-stm32.12.3.rel1.win32_1.0.200.202406191623/tools/bin/../lib/gcc/arm-none-eabi/12.3.1/../../../../arm-none-eabi/lib/thumb/v7e-m/nofp\libc_nano.a(libc_a-closer.o)
                              C:/ST/STM32CubeIDE_1.13.2/STM32CubeIDE/plugins/com.st.stm32cube.ide.mcu.externaltools.gnu-tools-for-stm32.12.3.rel1.win32_1.0.200.202406191623/tools/bin/../lib/gcc/arm-none-eabi/12.3.1/../../../../arm-none-eabi/lib/thumb/v7e-m/nofp\libc_nano.a(libc_a-stdio.o) (_close_r)
C:/ST/STM32CubeIDE_1.13.2/STM32CubeIDE/plugins/com.st.stm32cube.ide.mcu.externaltools.gnu-tools-for-stm32.12.3.rel1.win32_1.0.200.202406191623/tools/bin/../lib/gcc/arm-none-eabi/12.3.1/../../../../arm-none-eabi/lib/thumb/v7e-m/nofp\libc_nano.a(libc_a-reent.o)
                              C:/ST/STM32CubeIDE_1.13.2/STM32CubeIDE/plugins/com.st.stm32cube.ide.mcu.externaltools.gnu-tools-for-stm32.12.3.rel1.win32_1.0.200.202406191623/tools/bin/../lib/gcc/arm-none-eabi/12.3.1/../../../../arm-none-eabi/lib/thumb/v7e-m/nofp\libc_nano.a(libc_a-closer.o) (errno)
C:/ST/STM32CubeIDE_1.13.2/STM32CubeIDE/plugins/com.st.stm32cube.ide.mcu.externaltools.gnu-tools-for-stm32.12.3.rel1.win32_1.0.200.202406191623/tools/bin/../lib/gcc/arm-none-eabi/12.3.1/../../../../arm-none-eabi/lib/thumb/v7e-m/nofp\libc_nano.a(libc_a-impure.o)
                              C:/ST/STM32CubeIDE_1.13.2/STM32CubeIDE/plugins/com.st.stm32cube.ide.mcu.externaltools.gnu-tools-for-stm32.12.3.rel1.win32_1.0.200.202406191623/tools/bin/../lib/gcc/arm-none-eabi/12.3.1/../../../../arm-none-eabi/lib/thumb/v7e-m/nofp\libc_nano.a(libc_a-reent.o) (_impure_ptr)
C:/ST/STM32CubeIDE_1.13.2/STM32CubeIDE/plugins/com.st.stm32cube.ide.mcu.externaltools.gnu-tools-for-stm32.12.3.rel1.win32_1.0.200.202406191623/tools/bin/../lib/gcc/arm-none-eabi/12.3.1/../../../../arm-none-eabi/lib/thumb/v7e-m/nofp\libc_nano.a(libc_a-lseekr.o)
[...]
Memory Configuration

Name             Origin             Length             Attributes
RAM              0x20000000         0x00010000         xrw
RAM2             0x10000000         0x00008000         xrw
FLASH            0x08000000         0x00040000         xr
*default*        0x00000000         0xffffffff

Linker script and memory map

LOAD C:/ST/STM32CubeIDE_1.13.2/STM32CubeIDE/plugins/com.st.stm32cube.ide.mcu.externaltools.gnu-tools-for-stm32.12.3.rel1.win32_1.0.200.202406191623/tools/bin/../lib/gcc/arm-none-eabi/12.3.1/thumb/v7e-m/nofp/crti.o
LOAD C:/ST/STM32CubeIDE_1.13.2/STM32CubeIDE/plugins/com.st.stm32cube.ide.mcu.externaltools.gnu-tools-for-stm32.12.3.rel1.win32_1.0.200.202406191623/tools/bin/../lib/gcc/arm-none-eabi/12.3.1/thumb/v7e-m/nofp/crtbegin.o
LOAD C:/ST/STM32CubeIDE_1.13.2/STM32CubeIDE/plugins/com.st.stm32cube.ide.mcu.externaltools.gnu-tools-for-stm32.12.3.rel1.win32_1.0.200.202406191623/tools/bin/../lib/gcc/arm-none-eabi/12.3.1/../../../../arm-none-eabi/lib/thumb/v7e-m/nofp/crt0.o
LOAD ./Core/Src/FWI.o
LOAD ./Core/Src/adc.o
LOAD ./Core/Src/dma.o
LOAD ./Core/Src/gpio.o
LOAD ./Core/Src/i2c.o
LOAD ./Core/Src/main.o
LOAD ./Core/Src/my_packet.o
LOAD ./Core/Src/my_sensor.o
LOAD ./Core/Src/rtc.o
LOAD ./Core/Src/spi.o
LOAD ./Core/Src/stm32_lpm_if.o
LOAD ./Core/Src/stm32wlxx_hal_msp.o
LOAD ./Core/Src/stm32wlxx_it.o
LOAD ./Core/Src/subghz.o
LOAD ./Core/Src/sys_app.o
LOAD ./Core/Src/sys_debug.o
LOAD ./Core/Src/syscalls.o
LOAD ./Core/Src/sysmem.o
LOAD ./Core/Src/system_stm32wlxx.o
LOAD ./Core/Src/tim.o
LOAD ./Core/Src/timer_if.o
LOAD ./Core/Src/usart.o
LOAD ./Core/Src/usart_if.o
LOAD ./Core/Src/utils.o
LOAD ./Core/Startup/startup_stm32wle5ccux.o
LOAD ./Drivers/BME680/Src/bme68x.o
LOAD ./Drivers/STM32WLxx_HAL_Driver/Src/stm32wlxx_hal.o
LOAD ./Drivers/STM32WLxx_HAL_Driver/Src/stm32wlxx_hal_adc.o
LOAD ./Drivers/STM32WLxx_HAL_Driver/Src/stm32wlxx_hal_adc_ex.o
LOAD ./Drivers/STM32WLxx_HAL_Driver/Src/stm32wlxx_hal_cortex.o
LOAD ./Drivers/STM32WLxx_HAL_Driver/Src/stm32wlxx_hal_dma.o
LOAD ./Drivers/STM32WLxx_HAL_Driver/Src/stm32wlxx_hal_dma_ex.o
LOAD ./Drivers/STM32WLxx_HAL_Driver/Src/stm32wlxx_hal_exti.o
LOAD ./Drivers/STM32WLxx_HAL_Driver/Src/stm32wlxx_hal_flash.o
LOAD ./Drivers/STM32WLxx_HAL_Driver/Src/stm32wlxx_hal_flash_ex.o
LOAD ./Drivers/STM32WLxx_HAL_Driver/Src/stm32wlxx_hal_gpio.o
LOAD ./Drivers/STM32WLxx_HAL_Driver/Src/stm32wlxx_hal_i2c.o
LOAD ./Drivers/STM32WLxx_HAL_Driver/Src/stm32wlxx_hal_i2c_ex.o
LOAD ./Drivers/STM32WLxx_HAL_Driver/Src/stm32wlxx_hal_pwr.o
LOAD ./Drivers/STM32WLxx_HAL_Driver/Src/stm32wlxx_hal_pwr_ex.o
LOAD ./Drivers/STM32WLxx_HAL_Driver/Src/stm32wlxx_hal_rcc.o
LOAD ./Drivers/STM32WLxx_HAL_Driver/Src/stm32wlxx_hal_rcc_ex.o
LOAD ./Drivers/STM32WLxx_HAL_Driver/Src/stm32wlxx_hal_rtc.o
LOAD ./Drivers/STM32WLxx_HAL_Driver/Src/stm32wlxx_hal_rtc_ex.o
LOAD ./Drivers/STM32WLxx_HAL_Driver/Src/stm32wlxx_hal_spi.o
LOAD ./Drivers/STM32WLxx_HAL_Driver/Src/stm32wlxx_hal_spi_ex.o
LOAD ./Drivers/STM32WLxx_HAL_Driver/Src/stm32wlxx_hal_subghz.o
LOAD ./Drivers/STM32WLxx_HAL_Driver/Src/stm32wlxx_hal_tim.o
LOAD ./Drivers/STM32WLxx_HAL_Driver/Src/stm32wlxx_hal_tim_ex.o
LOAD ./Drivers/STM32WLxx_HAL_Driver/Src/stm32wlxx_hal_uart.o
LOAD ./Drivers/STM32WLxx_HAL_Driver/Src/stm32wlxx_hal_uart_ex.o
LOAD ./Drivers/STM32WLxx_HAL_Driver/Src/stm32wlxx_ll_adc.o
LOAD ./Middlewares/Third_Party/SubGHz_Phy/stm32_radio_driver/lr_fhss_mac.o
LOAD ./Middlewares/Third_Party/SubGHz_Phy/stm32_radio_driver/radio.o
LOAD ./Middlewares/Third_Party/SubGHz_Phy/stm32_radio_driver/radio_driver.o
LOAD ./Middlewares/Third_Party/SubGHz_Phy/stm32_radio_driver/radio_fw.o
LOAD ./Middlewares/Third_Party/SubGHz_Phy/stm32_radio_driver/wl_lr_fhss.o
LOAD ./SubGHz_Phy/App/app_subghz_phy.o
LOAD ./SubGHz_Phy/App/subghz_phy_app.o
LOAD ./SubGHz_Phy/Target/radio_board_if.o
LOAD ./Utilities/lpm/tiny_lpm/stm32_lpm.o
LOAD ./Utilities/misc/stm32_mem.o
LOAD ./Utilities/misc/stm32_systime.o
LOAD ./Utilities/misc/stm32_tiny_sscanf.o
LOAD ./Utilities/misc/stm32_tiny_vsnprintf.o
LOAD ./Utilities/sequencer/stm32_seq.o
LOAD ./Utilities/timer/stm32_timer.o
LOAD ./Utilities/trace/adv_trace/stm32_adv_trace.o
START GROUP
LOAD C:/ST/STM32CubeIDE_1.13.2/STM32CubeIDE/plugins/com.st.stm32cube.ide.mcu.externaltools.gnu-tools-for-stm32.12.3.rel1.win32_1.0.200.202406191623/tools/bin/../lib/gcc/arm-none-eabi/12.3.1/../../../../arm-none-eabi/lib/thumb/v7e-m/nofp\libc_nano.a
LOAD C:/ST/STM32CubeIDE_1.13.2/STM32CubeIDE/plugins/com.st.stm32cube.ide.mcu.externaltools.gnu-tools-for-stm32.12.3.rel1.win32_1.0.200.202406191623/tools/bin/../lib/gcc/arm-none-eabi/12.3.1/../../../../arm-none-eabi/lib/thumb/v7e-m/nofp\libm.a
END GROUP
START GROUP
LOAD C:/ST/STM32CubeIDE_1.13.2/STM32CubeIDE/plugins/com.st.stm32cube.ide.mcu.externaltools.gnu-tools-for-stm32.12.3.rel1.win32_1.0.200.202406191623/tools/bin/../lib/gcc/arm-none-eabi/12.3.1/thumb/v7e-m/nofp\libgcc.a
LOAD C:/ST/STM32CubeIDE_1.13.2/STM32CubeIDE/plugins/com.st.stm32cube.ide.mcu.externaltools.gnu-tools-for-stm32.12.3.rel1.win32_1.0.200.202406191623/tools/bin/../lib/gcc/arm-none-eabi/12.3.1/../../../../arm-none-eabi/lib/thumb/v7e-m/nofp\libc_nano.a
END GROUP
START GROUP
LOAD C:/ST/STM32CubeIDE_1.13.2/STM32CubeIDE/plugins/com.st.stm32cube.ide.mcu.externaltools.gnu-tools-for-stm32.12.3.rel1.win32_1.0.200.202406191623/tools/bin/../lib/gcc/arm-none-eabi/12.3.1/thumb/v7e-m/nofp\libgcc.a
LOAD C:/ST/STM32CubeIDE_1.13.2/STM32CubeIDE/plugins/com.st.stm32cube.ide.mcu.externaltools.gnu-tools-for-stm32.12.3.rel1.win32_1.0.200.202406191623/tools/bin/../lib/gcc/arm-none-eabi/12.3.1/../../../../arm-none-eabi/lib/thumb/v7e-m/nofp\libc_nano.a
LOAD C:/ST/STM32CubeIDE_1.13.2/STM32CubeIDE/plugins/com.st.stm32cube.ide.mcu.externaltools.gnu-tools-for-stm32.12.3.rel1.win32_1.0.200.202406191623/tools/bin/../lib/gcc/arm-none-eabi/12.3.1/../../../../arm-none-eabi/lib/thumb/v7e-m/nofp\libnosys.a
END GROUP
START GROUP
LOAD C:/ST/STM32CubeIDE_1.13.2/STM32CubeIDE/plugins/com.st.stm32cube.ide.mcu.externaltools.gnu-tools-for-stm32.12.3.rel1.win32_1.0.200.202406191623/tools/bin/../lib/gcc/arm-none-eabi/12.3.1/thumb/v7e-m/nofp\libgcc.a
LOAD C:/ST/STM32CubeIDE_1.13.2/STM32CubeIDE/plugins/com.st.stm32cube.ide.mcu.externaltools.gnu-tools-for-stm32.12.3.rel1.win32_1.0.200.202406191623/tools/bin/../lib/gcc/arm-none-eabi/12.3.1/../../../../arm-none-eabi/lib/thumb/v7e-m/nofp\libc_nano.a
LOAD C:/ST/STM32CubeIDE_1.13.2/STM32CubeIDE/plugins/com.st.stm32cube.ide.mcu.externaltools.gnu-tools-for-stm32.12.3.rel1.win32_1.0.200.202406191623/tools/bin/../lib/gcc/arm-none-eabi/12.3.1/../../../../arm-none-eabi/lib/thumb/v7e-m/nofp\libnosys.a
END GROUP
LOAD C:/ST/STM32CubeIDE_1.13.2/STM32CubeIDE/plugins/com.st.stm32cube.ide.mcu.externaltools.gnu-tools-for-stm32.12.3.rel1.win32_1.0.200.202406191623/tools/bin/../lib/gcc/arm-none-eabi/12.3.1/thumb/v7e-m/nofp/crtend.o
LOAD C:/ST/STM32CubeIDE_1.13.2/STM32CubeIDE/plugins/com.st.stm32cube.ide.mcu.externaltools.gnu-tools-for-stm32.12.3.rel1.win32_1.0.200.202406191623/tools/bin/../lib/gcc/arm-none-eabi/12.3.1/thumb/v7e-m/nofp/crtn.o
                0x20010000                        _estack = (ORIGIN (RAM) + LENGTH (RAM))
                0x00000200                        _Min_Heap_Size = 0x200
                0x00000400                        _Min_Stack_Size = 0x400

.isr_vector     0x08000000      0x138
                0x08000000                        . = ALIGN (0x4)
 *(.isr_vector)
 .isr_vector    0x08000000      0x138 ./Core/Startup/startup_stm32wle5ccux.o
                0x08000000                g_pfnVectors
                0x08000138                        . = ALIGN (0x4)

.text           0x08000138     0xcd20
                0x08000138                        . = ALIGN (0x4)
 *(.text)
 .text          0x08000138       0x40 C:/ST/STM32CubeIDE_1.13.2/STM32CubeIDE/plugins/com.st.stm32cube.ide.mcu.externaltools.gnu-tools-for-stm32.12.3.rel1.win32_1.0.200.202406191623/tools/bin/../lib/gcc/arm-none-eabi/12.3.1/thumb/v7e-m/nofp/crtbegin.o
 .text          0x08000178       0x10 C:/ST/STM32CubeIDE_1.13.2/STM32CubeIDE/plugins/com.st.stm32cube.ide.mcu.externaltools.gnu-tools-for-stm32.12.3.rel1.win32_1.0.200.202406191623/tools/bin/../lib/gcc/arm-none-eabi/12.3.1/../../../../arm-none-eabi/lib/thumb/v7e-m/nofp\libc_nano.a(libc_a-strlen.o)
                0x08000178                strlen
 .text          0x08000188      0x168 C:/ST/STM32CubeIDE_1.13.2/STM32CubeIDE/plugins/com.st.stm32cube.ide.mcu.externaltools.gnu-tools-for-stm32.12.3.rel1.win32_1.0.200.202406191623/tools/bin/../lib/gcc/arm-none-eabi/12.3.1/thumb/v7e-m/nofp\libgcc.a(_arm_mulsf3.o)
                0x08000188                __aeabi_fmul
                0x08000188                __mulsf3
 .text          0x080002f0      0x21c C:/ST/STM32CubeIDE_1.13.2/STM32CubeIDE/plugins/com.st.stm32cube.ide.mcu.externaltools.gnu-tools-for-stm32.12.3.rel1.win32_1.0.200.202406191623/tools/bin/../lib/gcc/arm-none-eabi/12.3.1/thumb/v7e-m/nofp\libgcc.a(_arm_addsubsf3.o)
                0x080002f0                __aeabi_frsub
                0x080002f8                __subsf3
                0x080002f8                __aeabi_fsub
                0x080002fc                __aeabi_fadd
                0x080002fc                __addsf3
                0x0800045c                __aeabi_ui2f
                0x0800045c                __floatunsisf
                0x08000464                __aeabi_i2f
                0x08000464                __floatsisf
                0x08000480                __aeabi_ul2f
                0x08000480                __floatundisf
                0x08000490                __aeabi_l2f
                0x08000490                __floatdisf
 .text          0x0800050c       0x4c C:/ST/STM32CubeIDE_1.13.2/STM32CubeIDE/plugins/com.st.stm32cube.ide.mcu.externaltools.gnu-tools-for-stm32.12.3.rel1.win32_1.0.200.202406191623/tools/bin/../lib/gcc/arm-none-eabi/12.3.1/thumb/v7e-m/nofp\libgcc.a(_arm_fixsfsi.o)
                0x0800050c                __aeabi_f2iz
                0x0800050c                __fixsfsi
 .text          0x08000558       0xa0 C:/ST/STM32CubeIDE_1.13.2/STM32CubeIDE/plugins/com.st.stm32cube.ide.mcu.externaltools.gnu-tools-for-stm32.12.3.rel1.win32_1.0.200.202406191623/tools/bin/../lib/gcc/arm-none-eabi/12.3.1/thumb/v7e-m/nofp\libgcc.a(_aeabi_ldivmod.o)
                0x08000558                __aeabi_ldivmod
 .text          0x080005f8       0x30 C:/ST/STM32CubeIDE_1.13.2/STM32CubeIDE/plugins/com.st.stm32cube.ide.mcu.externaltools.gnu-tools-for-stm32.12.3.rel1.win32_1.0.200.202406191623/tools/bin/../lib/gcc/arm-none-eabi/12.3.1/thumb/v7e-m/nofp\libgcc.a(_aeabi_uldivmod.o)
                0x080005f8                __aeabi_uldivmod
 .text          0x08000628      0x2bc C:/ST/STM32CubeIDE_1.13.2/STM32CubeIDE/plugins/com.st.stm32cube.ide.mcu.externaltools.gnu-tools-for-stm32.12.3.rel1.win32_1.0.200.202406191623/tools/bin/../lib/gcc/arm-none-eabi/12.3.1/thumb/v7e-m/nofp\libgcc.a(_udivmoddi4.o)
                0x08000628                __udivmoddi4
 .text          0x080008e4        0x4 C:/ST/STM32CubeIDE_1.13.2/STM32CubeIDE/plugins/com.st.stm32cube.ide.mcu.externaltools.gnu-tools-for-stm32.12.3.rel1.win32_1.0.200.202406191623/tools/bin/../lib/gcc/arm-none-eabi/12.3.1/thumb/v7e-m/nofp\libgcc.a(_dvmd_tls.o)
                0x080008e4                __aeabi_idiv0
                0x080008e4                __aeabi_ldiv0
 *(.text*)
 .text.MX_ADC_Init
                0x080008e8       0x80 ./Core/Src/adc.o
                0x080008e8                MX_ADC_Init
 .text.HAL_ADC_MspInit
                0x08000968       0xc0 ./Core/Src/adc.o
                0x08000968                HAL_ADC_MspInit
 .text.MX_DMA_Init
                0x08000a28       0x54 ./Core/Src/dma.o
                0x08000a28                MX_DMA_Init
 .text.MX_GPIO_Init
                0x08000a7c      0x104 ./Core/Src/gpio.o
                0x08000a7c                MX_GPIO_Init
 .text.MX_I2C1_Init
                0x08000b80       0x68 ./Core/Src/i2c.o
                0x08000b80                MX_I2C1_Init
 .text.HAL_I2C_MspInit
                0x08000be8       0x90 ./Core/Src/i2c.o
                0x08000be8                HAL_I2C_MspInit
 .text.SystemClock_Config
                0x08000c78       0xa0 ./Core/Src/main.o
                0x08000c78                SystemClock_Config
 .text.startup.main
                0x08000d18       0x5c ./Core/Src/main.o
                0x08000d18                main
 .text.HAL_GPIO_EXTI_Callback
                0x08000d74       0x48 ./Core/Src/main.o
                0x08000d74                HAL_GPIO_EXTI_Callback
 .text.HAL_RTCEx_WakeUpTimerEventCallback
                0x08000dbc        0x4 ./Core/Src/main.o
                0x08000dbc                HAL_RTCEx_WakeUpTimerEventCallback
 .text.change_SF
                0x08000dc0       0x54 ./Core/Src/main.o
                0x08000dc0                change_SF
 .text.debug_print
                0x08000e14        0x4 ./Core/Src/main.o
                0x08000e14                debug_print
 .text.Error_Handler
                0x08000e18        0x4 ./Core/Src/main.o
                0x08000e18                Error_Handler
 .text.make_packet
                0x08000e1c       0x90 ./Core/Src/my_packet.o
                0x08000e1c                make_packet
 .text.send_packet
                0x08000eac       0x2c ./Core/Src/my_packet.o
                0x08000eac                send_packet
 .text.send_sync_packet
                0x08000ed8       0x8c ./Core/Src/my_packet.o
                0x08000ed8                send_sync_packet
 .text.decode_print_packet
                0x08000f64      0x154 ./Core/Src/my_packet.o
                0x08000f64                decode_print_packet
 .text.bme68x_i2c_read
                0x080010b8       0x34 ./Core/Src/my_sensor.o
                0x080010b8                bme68x_i2c_read
 .text.bme68x_i2c_write
                0x080010ec       0x34 ./Core/Src/my_sensor.o
                0x080010ec                bme68x_i2c_write
 .text.bme68x_delay_us
                0x08001120       0x10 ./Core/Src/my_sensor.o
                0x08001120                bme68x_delay_us
 .text.my_sensor_init
                0x08001130       0x98 ./Core/Src/my_sensor.o
                0x08001130                my_sensor_init
 .text.get_BME_data
                0x080011c8       0x50 ./Core/Src/my_sensor.o
                0x080011c8                get_BME_data
 .text.MX_RTC_Init
                0x08001218       0xac ./Core/Src/rtc.o
                0x08001218                MX_RTC_Init
 .text.HAL_RTC_MspInit
                0x080012c4       0x90 ./Core/Src/rtc.o
                0x080012c4                HAL_RTC_MspInit
 .text.myRTC_start
                0x08001354       0x40 ./Core/Src/rtc.o
                0x08001354                myRTC_start
 .text.myRTC_stop
                0x08001394       0x2c ./Core/Src/rtc.o
                0x08001394                myRTC_stop
 .text.MX_SPI1_Init
                0x080013c0       0x4c ./Core/Src/spi.o
                0x080013c0                MX_SPI1_Init
 .text.HAL_SPI_MspInit
                0x0800140c       0x98 ./Core/Src/spi.o
                0x0800140c                HAL_SPI_MspInit
 .text.PWR_EnterOffMode
                0x080014a4        0x4 ./Core/Src/stm32_lpm_if.o
                0x080014a4                PWR_EnterOffMode
 .text.PWR_EnterStopMode
                0x080014a8       0x1c ./Core/Src/stm32_lpm_if.o
                0x080014a8                PWR_EnterStopMode
 .text.PWR_ExitSleepMode
                0x080014c4        0x4 ./Core/Src/stm32_lpm_if.o
                0x080014c4                PWR_ExitSleepMode
 .text.PWR_ExitStopMode
                0x080014c8       0x10 ./Core/Src/stm32_lpm_if.o
                0x080014c8                PWR_ExitStopMode
 .text.PWR_EnterSleepMode
                0x080014d8       0x14 ./Core/Src/stm32_lpm_if.o
                0x080014d8                PWR_EnterSleepMode
 .text.PWR_ExitOffMode
                0x080014ec        0x4 ./Core/Src/stm32_lpm_if.o
                0x080014ec                PWR_ExitOffMode
 .text.HAL_MspInit
                0x080014f0       0x18 ./Core/Src/stm32wlxx_hal_msp.o
                0x080014f0                HAL_MspInit
 .text.NMI_Handler
                0x08001508        0x4 ./Core/Src/stm32wlxx_it.o
                0x08001508                NMI_Handler
 .text.HardFault_Handler
                0x0800150c        0x4 ./Core/Src/stm32wlxx_it.o
                0x0800150c                HardFault_Handler
 .text.MemManage_Handler
                0x08001510        0x4 ./Core/Src/stm32wlxx_it.o
                0x08001510                MemManage_Handler
 .text.BusFault_Handler
                0x08001514        0x4 ./Core/Src/stm32wlxx_it.o
                0x08001514                BusFault_Handler
 .text.UsageFault_Handler
                0x08001518        0x4 ./Core/Src/stm32wlxx_it.o
                0x08001518                UsageFault_Handler
 .text.SVC_Handler
                0x0800151c        0x4 ./Core/Src/stm32wlxx_it.o
                0x0800151c                SVC_Handler
 .text.DebugMon_Handler
                0x08001520        0x4 ./Core/Src/stm32wlxx_it.o
                0x08001520                DebugMon_Handler
 .text.PendSV_Handler
                0x08001524        0x4 ./Core/Src/stm32wlxx_it.o
                0x08001524                PendSV_Handler
 .text.SysTick_Handler
                0x08001528        0x4 ./Core/Src/stm32wlxx_it.o
                0x08001528                SysTick_Handler
 .text.TAMP_STAMP_LSECSS_SSRU_IRQHandler
                0x0800152c        0xc ./Core/Src/stm32wlxx_it.o
                0x0800152c                TAMP_STAMP_LSECSS_SSRU_IRQHandler
 .text.RTC_WKUP_IRQHandler
                0x08001538        0xc ./Core/Src/stm32wlxx_it.o
                0x08001538                RTC_WKUP_IRQHandler
 .text.RCC_IRQHandler
                0x08001544        0x4 ./Core/Src/stm32wlxx_it.o
                0x08001544                RCC_IRQHandler
 .text.DMA1_Channel1_IRQHandler
                0x08001548        0xc ./Core/Src/stm32wlxx_it.o
                0x08001548                DMA1_Channel1_IRQHandler
 .text.DMA1_Channel2_IRQHandler
                0x08001554        0xc ./Core/Src/stm32wlxx_it.o
                0x08001554                DMA1_Channel2_IRQHandler
 .text.EXTI9_5_IRQHandler
                0x08001560       0x14 ./Core/Src/stm32wlxx_it.o
                0x08001560                EXTI9_5_IRQHandler
 .text.TIM1_UP_IRQHandler
                0x08001574        0xc ./Core/Src/stm32wlxx_it.o
                0x08001574                TIM1_UP_IRQHandler
 .text.TIM1_TRG_COM_IRQHandler
                0x08001580        0xc ./Core/Src/stm32wlxx_it.o
                0x08001580                TIM1_TRG_COM_IRQHandler
 .text.LPUART1_IRQHandler
                0x0800158c        0xc ./Core/Src/stm32wlxx_it.o
                0x0800158c                LPUART1_IRQHandler
 .text.RTC_Alarm_IRQHandler
                0x08001598        0xc ./Core/Src/stm32wlxx_it.o
                0x08001598                RTC_Alarm_IRQHandler
 .text.SUBGHZ_Radio_IRQHandler
                0x080015a4        0xc ./Core/Src/stm32wlxx_it.o
                0x080015a4                SUBGHZ_Radio_IRQHandler
 .text.MX_SUBGHZ_Init
                0x080015b0       0x1c ./Core/Src/subghz.o
                0x080015b0                MX_SUBGHZ_Init
 .text.HAL_SUBGHZ_MspInit
                0x080015cc       0x30 ./Core/Src/subghz.o
                0x080015cc                HAL_SUBGHZ_MspInit
 .text.tiny_snprintf_like.constprop.0
                0x080015fc       0x20 ./Core/Src/sys_app.o
 .text.TimestampNow
                0x0800161c       0x30 ./Core/Src/sys_app.o
 .text.SystemApp_Init
                0x0800164c       0x4c ./Core/Src/sys_app.o
                0x0800164c                SystemApp_Init
 .text.UTIL_SEQ_Idle
                0x08001698        0x4 ./Core/Src/sys_app.o
                0x08001698                UTIL_SEQ_Idle
 .text.UTIL_ADV_TRACE_PreSendHook
                0x0800169c        0x8 ./Core/Src/sys_app.o
                0x0800169c                UTIL_ADV_TRACE_PreSendHook
 .text.UTIL_ADV_TRACE_PostSendHook
                0x080016a4        0x8 ./Core/Src/sys_app.o
                0x080016a4                UTIL_ADV_TRACE_PostSendHook
 .text.HAL_InitTick
                0x080016ac        0x4 ./Core/Src/sys_app.o
                0x080016ac                HAL_InitTick
 .text.HAL_GetTick
                0x080016b0       0x10 ./Core/Src/sys_app.o
                0x080016b0                HAL_GetTick
 .text.HAL_Delay
                0x080016c0        0xc ./Core/Src/sys_app.o
                0x080016c0                HAL_Delay
 .text.DBG_Init
                0x080016cc       0x24 ./Core/Src/sys_debug.o
                0x080016cc                DBG_Init
 .text.SystemInit
                0x080016f0        0x4 ./Core/Src/system_stm32wlxx.o
                0x080016f0                SystemInit
 .text.MX_TIM1_Init
                0x080016f4       0x78 ./Core/Src/tim.o
                0x080016f4                MX_TIM1_Init
 .text.HAL_TIM_Base_MspInit
                0x0800176c       0x50 ./Core/Src/tim.o
                0x0800176c                HAL_TIM_Base_MspInit
 .text.TIMER_IF_SetTimerContext
                0x080017bc       0x1c ./Core/Src/timer_if.o
                0x080017bc                TIMER_IF_SetTimerContext
 .text.TIMER_IF_GetTimerContext
                0x080017d8        0xc ./Core/Src/timer_if.o
                0x080017d8                TIMER_IF_GetTimerContext
 .text.TIMER_IF_GetTimerElapsedTime
                0x080017e4       0x1c ./Core/Src/timer_if.o
                0x080017e4                TIMER_IF_GetTimerElapsedTime
 .text.TIMER_IF_GetMinimumTimeout
                0x08001800        0x4 ./Core/Src/timer_if.o
                0x08001800                TIMER_IF_GetMinimumTimeout
 .text.TIMER_IF_Convert_ms2Tick
                0x08001804       0x14 ./Core/Src/timer_if.o
                0x08001804                TIMER_IF_Convert_ms2Tick
 .text.TIMER_IF_Convert_Tick2ms
                0x08001818       0x10 ./Core/Src/timer_if.o
                0x08001818                TIMER_IF_Convert_Tick2ms
 .text.TIMER_IF_StopTimer
                0x08001828       0x28 ./Core/Src/timer_if.o
                0x08001828                TIMER_IF_StopTimer
 .text.TIMER_IF_BkUp_Write_Seconds
                0x08001850       0x10 ./Core/Src/timer_if.o
                0x08001850                TIMER_IF_BkUp_Write_Seconds
 .text.TIMER_IF_BkUp_Write_SubSeconds
                0x08001860       0x10 ./Core/Src/timer_if.o
                0x08001860                TIMER_IF_BkUp_Write_SubSeconds
 .text.TIMER_IF_StartTimer
                0x08001870       0x6c ./Core/Src/timer_if.o
                0x08001870                TIMER_IF_StartTimer
 .text.TIMER_IF_GetTime
                0x080018dc       0x44 ./Core/Src/timer_if.o
                0x080018dc                TIMER_IF_GetTime
 .text.TIMER_IF_BkUp_Read_Seconds
                0x08001920        0xc ./Core/Src/timer_if.o
                0x08001920                TIMER_IF_BkUp_Read_Seconds
 .text.TIMER_IF_BkUp_Read_SubSeconds
                0x0800192c        0xc ./Core/Src/timer_if.o
                0x0800192c                TIMER_IF_BkUp_Read_SubSeconds
 .text.TIMER_IF_GetTimerValue
                0x08001938       0x24 ./Core/Src/timer_if.o
                0x08001938                TIMER_IF_GetTimerValue
 .text.TIMER_IF_Init
                0x0800195c       0x80 ./Core/Src/timer_if.o
                0x0800195c                TIMER_IF_Init
 .text.TIMER_IF_DelayMs
                0x080019dc       0x40 ./Core/Src/timer_if.o
                0x080019dc                TIMER_IF_DelayMs
 .text.HAL_RTC_AlarmAEventCallback
                0x08001a1c        0x4 ./Core/Src/timer_if.o
                0x08001a1c                HAL_RTC_AlarmAEventCallback
 .text.HAL_RTCEx_SSRUEventCallback
                0x08001a20       0x20 ./Core/Src/timer_if.o
                0x08001a20                HAL_RTCEx_SSRUEventCallback
 .text.MX_LPUART1_UART_Init
                0x08001a40       0x8c ./Core/Src/usart.o
                0x08001a40                MX_LPUART1_UART_Init
 .text.HAL_UART_MspInit
                0x08001acc       0xd8 ./Core/Src/usart.o
                0x08001acc                HAL_UART_MspInit
 .text.HAL_UART_MspDeInit
                0x08001ba4       0x38 ./Core/Src/usart.o
                0x08001ba4                HAL_UART_MspDeInit
 .text.vcom_Init
                0x08001bdc       0x28 ./Core/Src/usart_if.o
                0x08001bdc                vcom_Init
 .text.vcom_DeInit
                0x08001c04       0x2c ./Core/Src/usart_if.o
                0x08001c04                vcom_DeInit
 .text.vcom_Trace_DMA
                0x08001c30       0x18 ./Core/Src/usart_if.o
                0x08001c30                vcom_Trace_DMA
 .text.vcom_ReceiveInit
                0x08001c48       0x54 ./Core/Src/usart_if.o
                0x08001c48                vcom_ReceiveInit
 .text.vcom_Resume
                0x08001c9c       0x18 ./Core/Src/usart_if.o
                0x08001c9c                vcom_Resume
 .text.HAL_UART_TxCpltCallback
                0x08001cb4       0x1c ./Core/Src/usart_if.o
                0x08001cb4                HAL_UART_TxCpltCallback
 .text.HAL_UART_RxCpltCallback
                0x08001cd0       0x3c ./Core/Src/usart_if.o
                0x08001cd0                HAL_UART_RxCpltCallback
 .text.Reset_Handler
                0x08001d0c       0x50 ./Core/Startup/startup_stm32wle5ccux.o
                0x08001d0c                Reset_Handler
 .text.Default_Handler
                0x08001d5c        0x2 ./Core/Startup/startup_stm32wle5ccux.o
                0x08001d5c                EXTI2_IRQHandler
                0x08001d5c                TIM1_CC_IRQHandler
                0x08001d5c                EXTI3_IRQHandler
                0x08001d5c                LPTIM2_IRQHandler
                0x08001d5c                I2C3_ER_IRQHandler
                0x08001d5c                LPTIM3_IRQHandler
                0x08001d5c                EXTI0_IRQHandler
                0x08001d5c                I2C2_EV_IRQHandler
                0x08001d5c                SPI1_IRQHandler
                0x08001d5c                DMA2_Channel2_IRQHandler
                0x08001d5c                DMA1_Channel4_IRQHandler
                0x08001d5c                PKA_IRQHandler
                0x08001d5c                TIM17_IRQHandler
                0x08001d5c                DMA1_Channel7_IRQHandler
                0x08001d5c                SUBGHZSPI_IRQHandler
                0x08001d5c                DMA2_Channel1_IRQHandler
                0x08001d5c                I2C1_EV_IRQHandler
                0x08001d5c                DMAMUX1_OVR_IRQHandler
                0x08001d5c                DMA1_Channel6_IRQHandler
                0x08001d5c                TIM16_IRQHandler
                0x08001d5c                DMA2_Channel4_IRQHandler
                0x08001d5c                Default_Handler
                0x08001d5c                DMA2_Channel7_IRQHandler
                0x08001d5c                EXTI15_10_IRQHandler
                0x08001d5c                ADC_IRQHandler
                0x08001d5c                I2C3_EV_IRQHandler
                0x08001d5c                PVD_PVM_IRQHandler
                0x08001d5c                SPI2_IRQHandler
                0x08001d5c                DMA2_Channel5_IRQHandler
                0x08001d5c                DMA1_Channel5_IRQHandler
                0x08001d5c                EXTI4_IRQHandler
                0x08001d5c                RNG_IRQHandler
                0x08001d5c                DMA1_Channel3_IRQHandler
                0x08001d5c                COMP_IRQHandler
                0x08001d5c                HSEM_IRQHandler
                0x08001d5c                WWDG_IRQHandler
                0x08001d5c                DMA2_Channel6_IRQHandler
                0x08001d5c                TIM2_IRQHandler
                0x08001d5c                TIM1_BRK_IRQHandler
                0x08001d5c                DAC_IRQHandler
                0x08001d5c                EXTI1_IRQHandler
                0x08001d5c                AES_IRQHandler
                0x08001d5c                USART2_IRQHandler
                0x08001d5c                I2C2_ER_IRQHandler
                0x08001d5c                FLASH_IRQHandler
                0x08001d5c                USART1_IRQHandler
                0x08001d5c                I2C1_ER_IRQHandler
                0x08001d5c                LPTIM1_IRQHandler
                0x08001d5c                DMA2_Channel3_IRQHandler
 *fill*         0x08001d5e        0x2 
 .text.calc_pressure
                0x08001d60       0xcc ./Drivers/BME680/Src/bme68x.o
 .text.calc_humidity
                0x08001e2c       0xc8 ./Drivers/BME680/Src/bme68x.o
 .text.set_mem_page
                0x08001ef4       0x7c ./Drivers/BME680/Src/bme68x.o
 .text.bme68x_set_regs.constprop.0
                0x08001f70       0xe4 ./Drivers/BME680/Src/bme68x.o
 .text.bme68x_init
                0x08002054      0x340 ./Drivers/BME680/Src/bme68x.o
                0x08002054                bme68x_init
 .text.bme68x_set_regs
                0x08002394      0x308 ./Drivers/BME680/Src/bme68x.o
                0x08002394                bme68x_set_regs
 .text.bme68x_set_op_mode
                0x0800269c       0xcc ./Drivers/BME680/Src/bme68x.o
                0x0800269c                bme68x_set_op_mode
 .text.bme68x_set_conf
                0x08002768      0x684 ./Drivers/BME680/Src/bme68x.o
                0x08002768                bme68x_set_conf
 .text.bme68x_get_meas_dur
                0x08002dec       0xf0 ./Drivers/BME680/Src/bme68x.o
                0x08002dec                bme68x_get_meas_dur
 .text.bme68x_get_data
                0x08002edc      0x8ec ./Drivers/BME680/Src/bme68x.o
                0x08002edc                bme68x_get_data
 .text.bme68x_set_heatr_conf
                0x080037c8      0x9a8 ./Drivers/BME680/Src/bme68x.o
                0x080037c8                bme68x_set_heatr_conf
 .text.bme68x_selftest_check
                0x08004170      0x4e4 ./Drivers/BME680/Src/bme68x.o
                0x08004170                bme68x_selftest_check
 .text.HAL_Init
                0x08004654       0x30 ./Drivers/STM32WLxx_HAL_Driver/Src/stm32wlxx_hal.o
                0x08004654                HAL_Init
 .text.HAL_SuspendTick
                0x08004684       0x10 ./Drivers/STM32WLxx_HAL_Driver/Src/stm32wlxx_hal.o
                0x08004684                HAL_SuspendTick
 .text.HAL_ResumeTick
                0x08004694       0x10 ./Drivers/STM32WLxx_HAL_Driver/Src/stm32wlxx_hal.o
                0x08004694                HAL_ResumeTick
 .text.HAL_DBGMCU_EnableDBGSleepMode
                0x080046a4       0x10 ./Drivers/STM32WLxx_HAL_Driver/Src/stm32wlxx_hal.o
                0x080046a4                HAL_DBGMCU_EnableDBGSleepMode
 .text.HAL_DBGMCU_EnableDBGStopMode
                0x080046b4       0x10 ./Drivers/STM32WLxx_HAL_Driver/Src/stm32wlxx_hal.o
                0x080046b4                HAL_DBGMCU_EnableDBGStopMode
 .text.HAL_DBGMCU_EnableDBGStandbyMode
                0x080046c4       0x10 ./Drivers/STM32WLxx_HAL_Driver/Src/stm32wlxx_hal.o
                0x080046c4                HAL_DBGMCU_EnableDBGStandbyMode
 .text.HAL_ADC_Init
                0x080046d4      0x21c ./Drivers/STM32WLxx_HAL_Driver/Src/stm32wlxx_hal_adc.o
                0x080046d4                HAL_ADC_Init
 .text.HAL_ADC_ConfigChannel
                0x080048f0      0x1d4 ./Drivers/STM32WLxx_HAL_Driver/Src/stm32wlxx_hal_adc.o
                0x080048f0                HAL_ADC_ConfigChannel
 .text.HAL_NVIC_SetPriorityGrouping
                0x08004ac4       0x24 ./Drivers/STM32WLxx_HAL_Driver/Src/stm32wlxx_hal_cortex.o
                0x08004ac4                HAL_NVIC_SetPriorityGrouping
 .text.HAL_NVIC_SetPriority
                0x08004ae8       0x78 ./Drivers/STM32WLxx_HAL_Driver/Src/stm32wlxx_hal_cortex.o
                0x08004ae8                HAL_NVIC_SetPriority
 .text.HAL_NVIC_EnableIRQ
                0x08004b60       0x1c ./Drivers/STM32WLxx_HAL_Driver/Src/stm32wlxx_hal_cortex.o
                0x08004b60                HAL_NVIC_EnableIRQ
 .text.HAL_NVIC_DisableIRQ
                0x08004b7c       0x24 ./Drivers/STM32WLxx_HAL_Driver/Src/stm32wlxx_hal_cortex.o
                0x08004b7c                HAL_NVIC_DisableIRQ
 .text.HAL_DMA_Init
                0x08004ba0      0x130 ./Drivers/STM32WLxx_HAL_Driver/Src/stm32wlxx_hal_dma.o
                0x08004ba0                HAL_DMA_Init
 .text.HAL_DMA_DeInit
                0x08004cd0       0xf4 ./Drivers/STM32WLxx_HAL_Driver/Src/stm32wlxx_hal_dma.o
                0x08004cd0                HAL_DMA_DeInit
 .text.HAL_DMA_Start_IT
                0x08004dc4       0xcc ./Drivers/STM32WLxx_HAL_Driver/Src/stm32wlxx_hal_dma.o
                0x08004dc4                HAL_DMA_Start_IT
 .text.HAL_DMA_Abort
                0x08004e90       0x70 ./Drivers/STM32WLxx_HAL_Driver/Src/stm32wlxx_hal_dma.o
                0x08004e90                HAL_DMA_Abort
 .text.HAL_DMA_Abort_IT
                0x08004f00       0x6c ./Drivers/STM32WLxx_HAL_Driver/Src/stm32wlxx_hal_dma.o
                0x08004f00                HAL_DMA_Abort_IT
 .text.HAL_DMA_IRQHandler
                0x08004f6c       0xb0 ./Drivers/STM32WLxx_HAL_Driver/Src/stm32wlxx_hal_dma.o
                0x08004f6c                HAL_DMA_IRQHandler
 .text.HAL_GPIO_Init
                0x0800501c      0x1c8 ./Drivers/STM32WLxx_HAL_Driver/Src/stm32wlxx_hal_gpio.o
                0x0800501c                HAL_GPIO_Init
 .text.HAL_GPIO_DeInit
                0x080051e4       0xfc ./Drivers/STM32WLxx_HAL_Driver/Src/stm32wlxx_hal_gpio.o
                0x080051e4                HAL_GPIO_DeInit
 .text.HAL_GPIO_WritePin
                0x080052e0        0xc ./Drivers/STM32WLxx_HAL_Driver/Src/stm32wlxx_hal_gpio.o
                0x080052e0                HAL_GPIO_WritePin
 .text.HAL_GPIO_EXTI_IRQHandler
                0x080052ec       0x18 ./Drivers/STM32WLxx_HAL_Driver/Src/stm32wlxx_hal_gpio.o
                0x080052ec                HAL_GPIO_EXTI_IRQHandler
 .text.I2C_WaitOnTXISFlagUntilTimeout
                0x08005304      0x164 ./Drivers/STM32WLxx_HAL_Driver/Src/stm32wlxx_hal_i2c.o
 .text.I2C_WaitOnSTOPFlagUntilTimeout
                0x08005468      0x14c ./Drivers/STM32WLxx_HAL_Driver/Src/stm32wlxx_hal_i2c.o
 .text.HAL_I2C_Init
                0x080055b4       0xa8 ./Drivers/STM32WLxx_HAL_Driver/Src/stm32wlxx_hal_i2c.o
                0x080055b4                HAL_I2C_Init
 .text.HAL_I2C_Mem_Write
                0x0800565c      0x250 ./Drivers/STM32WLxx_HAL_Driver/Src/stm32wlxx_hal_i2c.o
                0x0800565c                HAL_I2C_Mem_Write
 .text.HAL_I2C_Mem_Read
                0x080058ac      0x254 ./Drivers/STM32WLxx_HAL_Driver/Src/stm32wlxx_hal_i2c.o
                0x080058ac                HAL_I2C_Mem_Read
 .text.HAL_I2CEx_ConfigAnalogFilter
                0x08005b00       0x54 ./Drivers/STM32WLxx_HAL_Driver/Src/stm32wlxx_hal_i2c_ex.o
                0x08005b00                HAL_I2CEx_ConfigAnalogFilter
 .text.HAL_I2CEx_ConfigDigitalFilter
                0x08005b54       0x58 ./Drivers/STM32WLxx_HAL_Driver/Src/stm32wlxx_hal_i2c_ex.o
                0x08005b54                HAL_I2CEx_ConfigDigitalFilter
 .text.HAL_PWR_EnableBkUpAccess
                0x08005bac       0x10 ./Drivers/STM32WLxx_HAL_Driver/Src/stm32wlxx_hal_pwr.o
                0x08005bac                HAL_PWR_EnableBkUpAccess
 .text.HAL_PWR_EnterSLEEPMode
                0x08005bbc       0x44 ./Drivers/STM32WLxx_HAL_Driver/Src/stm32wlxx_hal_pwr.o
                0x08005bbc                HAL_PWR_EnterSLEEPMode
 .text.HAL_PWREx_GetVoltageRange
                0x08005c00       0x10 ./Drivers/STM32WLxx_HAL_Driver/Src/stm32wlxx_hal_pwr_ex.o
                0x08005c00                HAL_PWREx_GetVoltageRange
 .text.HAL_PWREx_EnableLowPowerRunMode
                0x08005c10       0x10 ./Drivers/STM32WLxx_HAL_Driver/Src/stm32wlxx_hal_pwr_ex.o
                0x08005c10                HAL_PWREx_EnableLowPowerRunMode
 .text.HAL_PWREx_DisableLowPowerRunMode
                0x08005c20       0x5c ./Drivers/STM32WLxx_HAL_Driver/Src/stm32wlxx_hal_pwr_ex.o
                0x08005c20                HAL_PWREx_DisableLowPowerRunMode
 .text.HAL_PWREx_EnterSTOP2Mode
                0x08005c7c       0x3c ./Drivers/STM32WLxx_HAL_Driver/Src/stm32wlxx_hal_pwr_ex.o
                0x08005c7c                HAL_PWREx_EnterSTOP2Mode
 .text.RCC_SetFlashLatencyFromMSIRange
                0x08005cb8       0xdc ./Drivers/STM32WLxx_HAL_Driver/Src/stm32wlxx_hal_rcc.o
 .text.HAL_RCC_GetSysClockFreq
                0x08005d94       0xf0 ./Drivers/STM32WLxx_HAL_Driver/Src/stm32wlxx_hal_rcc.o
                0x08005d94                HAL_RCC_GetSysClockFreq
 .text.HAL_RCC_OscConfig
                0x08005e84      0x5c4 ./Drivers/STM32WLxx_HAL_Driver/Src/stm32wlxx_hal_rcc.o
                0x08005e84                HAL_RCC_OscConfig
 .text.HAL_RCC_ClockConfig
                0x08006448      0x20c ./Drivers/STM32WLxx_HAL_Driver/Src/stm32wlxx_hal_rcc.o
                0x08006448                HAL_RCC_ClockConfig
 .text.HAL_RCC_GetHCLKFreq
                0x08006654      0x104 ./Drivers/STM32WLxx_HAL_Driver/Src/stm32wlxx_hal_rcc.o
                0x08006654                HAL_RCC_GetHCLKFreq
 .text.HAL_RCC_GetPCLK1Freq
                0x08006758      0x118 ./Drivers/STM32WLxx_HAL_Driver/Src/stm32wlxx_hal_rcc.o
                0x08006758                HAL_RCC_GetPCLK1Freq
 .text.HAL_RCC_GetPCLK2Freq
                0x08006870      0x118 ./Drivers/STM32WLxx_HAL_Driver/Src/stm32wlxx_hal_rcc.o
                0x08006870                HAL_RCC_GetPCLK2Freq
 .text.HAL_RCCEx_PeriphCLKConfig
                0x08006988      0x230 ./Drivers/STM32WLxx_HAL_Driver/Src/stm32wlxx_hal_rcc_ex.o
                0x08006988                HAL_RCCEx_PeriphCLKConfig
 .text.HAL_RTC_SetAlarm_IT
                0x08006bb8      0x1dc ./Drivers/STM32WLxx_HAL_Driver/Src/stm32wlxx_hal_rtc.o
                0x08006bb8                HAL_RTC_SetAlarm_IT
 .text.HAL_RTC_DeactivateAlarm
                0x08006d94       0x7c ./Drivers/STM32WLxx_HAL_Driver/Src/stm32wlxx_hal_rtc.o
                0x08006d94                HAL_RTC_DeactivateAlarm
 .text.HAL_RTC_AlarmIRQHandler
                0x08006e10       0x40 ./Drivers/STM32WLxx_HAL_Driver/Src/stm32wlxx_hal_rtc.o
                0x08006e10                HAL_RTC_AlarmIRQHandler
 .text.RTC_ExitInitMode
                0x08006e50       0x88 ./Drivers/STM32WLxx_HAL_Driver/Src/stm32wlxx_hal_rtc.o
                0x08006e50                RTC_ExitInitMode
 .text.HAL_RTC_Init
                0x08006ed8       0xe4 ./Drivers/STM32WLxx_HAL_Driver/Src/stm32wlxx_hal_rtc.o
                0x08006ed8                HAL_RTC_Init
 .text.HAL_RTCEx_SetWakeUpTimer_IT
                0x08006fbc       0xe0 ./Drivers/STM32WLxx_HAL_Driver/Src/stm32wlxx_hal_rtc_ex.o
                0x08006fbc                HAL_RTCEx_SetWakeUpTimer_IT
 .text.HAL_RTCEx_DeactivateWakeUpTimer
                0x0800709c       0x78 ./Drivers/STM32WLxx_HAL_Driver/Src/stm32wlxx_hal_rtc_ex.o
                0x0800709c                HAL_RTCEx_DeactivateWakeUpTimer
 .text.HAL_RTCEx_WakeUpTimerIRQHandler
                0x08007114       0x28 ./Drivers/STM32WLxx_HAL_Driver/Src/stm32wlxx_hal_rtc_ex.o
                0x08007114                HAL_RTCEx_WakeUpTimerIRQHandler
 .text.HAL_RTCEx_EnableBypassShadow
                0x0800713c       0x44 ./Drivers/STM32WLxx_HAL_Driver/Src/stm32wlxx_hal_rtc_ex.o
                0x0800713c                HAL_RTCEx_EnableBypassShadow
 .text.HAL_RTCEx_SetSSRU_IT
                0x08007180       0x54 ./Drivers/STM32WLxx_HAL_Driver/Src/stm32wlxx_hal_rtc_ex.o
                0x08007180                HAL_RTCEx_SetSSRU_IT
 .text.HAL_RTCEx_SSRUIRQHandler
                0x080071d4       0x28 ./Drivers/STM32WLxx_HAL_Driver/Src/stm32wlxx_hal_rtc_ex.o
                0x080071d4                HAL_RTCEx_SSRUIRQHandler
 .text.HAL_RTCEx_AlarmBEventCallback
                0x080071fc        0x4 ./Drivers/STM32WLxx_HAL_Driver/Src/stm32wlxx_hal_rtc_ex.o
                0x080071fc                HAL_RTCEx_AlarmBEventCallback
 .text.HAL_RTCEx_BKUPWrite
                0x08007200       0x10 ./Drivers/STM32WLxx_HAL_Driver/Src/stm32wlxx_hal_rtc_ex.o
                0x08007200                HAL_RTCEx_BKUPWrite
 .text.HAL_RTCEx_BKUPRead
                0x08007210       0x10 ./Drivers/STM32WLxx_HAL_Driver/Src/stm32wlxx_hal_rtc_ex.o
                0x08007210                HAL_RTCEx_BKUPRead
 .text.HAL_SPI_Init
                0x08007220      0x140 ./Drivers/STM32WLxx_HAL_Driver/Src/stm32wlxx_hal_spi.o
                0x08007220                HAL_SPI_Init
 .text.HAL_SUBGHZ_Init
                0x08007360      0x10c ./Drivers/STM32WLxx_HAL_Driver/Src/stm32wlxx_hal_subghz.o
                0x08007360                HAL_SUBGHZ_Init
 .text.SUBGHZSPI_Transmit
                0x0800746c       0x7c ./Drivers/STM32WLxx_HAL_Driver/Src/stm32wlxx_hal_subghz.o
                0x0800746c                SUBGHZSPI_Transmit
 .text.SUBGHZSPI_Receive
                0x080074e8       0x80 ./Drivers/STM32WLxx_HAL_Driver/Src/stm32wlxx_hal_subghz.o
                0x080074e8                SUBGHZSPI_Receive
 .text.SUBGHZ_CheckDeviceReady
                0x08007568       0x88 ./Drivers/STM32WLxx_HAL_Driver/Src/stm32wlxx_hal_subghz.o
                0x08007568                SUBGHZ_CheckDeviceReady
 .text.HAL_SUBGHZ_WriteBuffer
                0x080075f0       0xc4 ./Drivers/STM32WLxx_HAL_Driver/Src/stm32wlxx_hal_subghz.o
                0x080075f0                HAL_SUBGHZ_WriteBuffer
 .text.HAL_SUBGHZ_ReadBuffer
                0x080076b4       0xc4 ./Drivers/STM32WLxx_HAL_Driver/Src/stm32wlxx_hal_subghz.o
                0x080076b4                HAL_SUBGHZ_ReadBuffer
 .text.HAL_SUBGHZ_IRQHandler
                0x08007778      0x1fc ./Drivers/STM32WLxx_HAL_Driver/Src/stm32wlxx_hal_subghz.o
                0x08007778                HAL_SUBGHZ_IRQHandler
 .text.HAL_SUBGHZ_ExecGetCmd
                0x08007974       0xbc ./Drivers/STM32WLxx_HAL_Driver/Src/stm32wlxx_hal_subghz.o
                0x08007974                HAL_SUBGHZ_ExecGetCmd
 .text.HAL_SUBGHZ_ExecSetCmd
                0x08007a30       0xd0 ./Drivers/STM32WLxx_HAL_Driver/Src/stm32wlxx_hal_subghz.o
                0x08007a30                HAL_SUBGHZ_ExecSetCmd
 .text.HAL_SUBGHZ_WriteRegisters
                0x08007b00       0xd0 ./Drivers/STM32WLxx_HAL_Driver/Src/stm32wlxx_hal_subghz.o
                0x08007b00                HAL_SUBGHZ_WriteRegisters
 .text.HAL_SUBGHZ_ReadRegisters
                0x08007bd0       0xcc ./Drivers/STM32WLxx_HAL_Driver/Src/stm32wlxx_hal_subghz.o
                0x08007bd0                HAL_SUBGHZ_ReadRegisters
 .text.HAL_TIM_Base_Init
                0x08007c9c       0xe4 ./Drivers/STM32WLxx_HAL_Driver/Src/stm32wlxx_hal_tim.o
                0x08007c9c                HAL_TIM_Base_Init
 .text.HAL_TIM_ConfigClockSource
                0x08007d80      0x164 ./Drivers/STM32WLxx_HAL_Driver/Src/stm32wlxx_hal_tim.o
                0x08007d80                HAL_TIM_ConfigClockSource
 .text.HAL_TIM_PeriodElapsedCallback
                0x08007ee4        0x4 ./Drivers/STM32WLxx_HAL_Driver/Src/stm32wlxx_hal_tim.o
                0x08007ee4                HAL_TIM_PeriodElapsedCallback
 .text.HAL_TIM_OC_DelayElapsedCallback
                0x08007ee8        0x4 ./Drivers/STM32WLxx_HAL_Driver/Src/stm32wlxx_hal_tim.o
                0x08007ee8                HAL_TIM_OC_DelayElapsedCallback
 .text.HAL_TIM_IC_CaptureCallback
                0x08007eec        0x4 ./Drivers/STM32WLxx_HAL_Driver/Src/stm32wlxx_hal_tim.o
                0x08007eec                HAL_TIM_IC_CaptureCallback
 .text.HAL_TIM_PWM_PulseFinishedCallback
                0x08007ef0        0x4 ./Drivers/STM32WLxx_HAL_Driver/Src/stm32wlxx_hal_tim.o
                0x08007ef0                HAL_TIM_PWM_PulseFinishedCallback
 .text.HAL_TIM_TriggerCallback
                0x08007ef4        0x4 ./Drivers/STM32WLxx_HAL_Driver/Src/stm32wlxx_hal_tim.o
                0x08007ef4                HAL_TIM_TriggerCallback
 .text.HAL_TIM_IRQHandler
                0x08007ef8      0x170 ./Drivers/STM32WLxx_HAL_Driver/Src/stm32wlxx_hal_tim.o
                0x08007ef8                HAL_TIM_IRQHandler
 .text.HAL_TIMEx_MasterConfigSynchronization
                0x08008068       0x64 ./Drivers/STM32WLxx_HAL_Driver/Src/stm32wlxx_hal_tim_ex.o
                0x08008068                HAL_TIMEx_MasterConfigSynchronization
 .text.HAL_TIMEx_CommutCallback
                0x080080cc        0x4 ./Drivers/STM32WLxx_HAL_Driver/Src/stm32wlxx_hal_tim_ex.o
                0x080080cc                HAL_TIMEx_CommutCallback
 .text.HAL_TIMEx_BreakCallback
                0x080080d0        0x4 ./Drivers/STM32WLxx_HAL_Driver/Src/stm32wlxx_hal_tim_ex.o
                0x080080d0                HAL_TIMEx_BreakCallback
 .text.HAL_TIMEx_Break2Callback
                0x080080d4        0x4 ./Drivers/STM32WLxx_HAL_Driver/Src/stm32wlxx_hal_tim_ex.o
                0x080080d4                HAL_TIMEx_Break2Callback
 .text.HAL_UART_Receive_IT
                0x080080d8      0x174 ./Drivers/STM32WLxx_HAL_Driver/Src/stm32wlxx_hal_uart.o
                0x080080d8                HAL_UART_Receive_IT
 .text.HAL_UART_Transmit_DMA
                0x0800824c       0x88 ./Drivers/STM32WLxx_HAL_Driver/Src/stm32wlxx_hal_uart.o
                0x0800824c                HAL_UART_Transmit_DMA
 .text.UART_DMATransmitCplt
                0x080082d4       0x44 ./Drivers/STM32WLxx_HAL_Driver/Src/stm32wlxx_hal_uart.o
 .text.HAL_UART_TxHalfCpltCallback
                0x08008318        0x4 ./Drivers/STM32WLxx_HAL_Driver/Src/stm32wlxx_hal_uart.o
                0x08008318                HAL_UART_TxHalfCpltCallback
 .text.UART_DMATxHalfCplt
                0x0800831c        0xc ./Drivers/STM32WLxx_HAL_Driver/Src/stm32wlxx_hal_uart.o
 .text.HAL_UART_ErrorCallback
                0x08008328        0x4 ./Drivers/STM32WLxx_HAL_Driver/Src/stm32wlxx_hal_uart.o
                0x08008328                HAL_UART_ErrorCallback
 .text.UART_DMAError
                0x0800832c       0xd4 ./Drivers/STM32WLxx_HAL_Driver/Src/stm32wlxx_hal_uart.o
 .text.UART_DMAAbortOnError
                0x08008400       0x14 ./Drivers/STM32WLxx_HAL_Driver/Src/stm32wlxx_hal_uart.o
 .text.HAL_UARTEx_RxEventCallback
                0x08008414        0x4 ./Drivers/STM32WLxx_HAL_Driver/Src/stm32wlxx_hal_uart.o
                0x08008414                HAL_UARTEx_RxEventCallback
 .text.HAL_UART_IRQHandler
                0x08008418      0x384 ./Drivers/STM32WLxx_HAL_Driver/Src/stm32wlxx_hal_uart.o
                0x08008418                HAL_UART_IRQHandler
 .text.UART_RxISR_8BIT.part.0
                0x0800879c       0x9c ./Drivers/STM32WLxx_HAL_Driver/Src/stm32wlxx_hal_uart.o
 .text.UART_RxISR_16BIT
                0x08008838       0x44 ./Drivers/STM32WLxx_HAL_Driver/Src/stm32wlxx_hal_uart.o
 .text.UART_RxISR_8BIT
                0x0800887c       0x44 ./Drivers/STM32WLxx_HAL_Driver/Src/stm32wlxx_hal_uart.o
 .text.UART_RxISR_8BIT_FIFOEN
                0x080088c0      0x1e4 ./Drivers/STM32WLxx_HAL_Driver/Src/stm32wlxx_hal_uart.o
 .text.UART_RxISR_16BIT_FIFOEN
                0x08008aa4      0x1ec ./Drivers/STM32WLxx_HAL_Driver/Src/stm32wlxx_hal_uart.o
 .text.UART_SetConfig
                0x08008c90      0x258 ./Drivers/STM32WLxx_HAL_Driver/Src/stm32wlxx_hal_uart.o
                0x08008c90                UART_SetConfig
 .text.UART_AdvFeatureConfig
                0x08008ee8       0xac ./Drivers/STM32WLxx_HAL_Driver/Src/stm32wlxx_hal_uart.o
                0x08008ee8                UART_AdvFeatureConfig
 .text.UART_WaitOnFlagUntilTimeout
                0x08008f94       0xec ./Drivers/STM32WLxx_HAL_Driver/Src/stm32wlxx_hal_uart.o
                0x08008f94                UART_WaitOnFlagUntilTimeout
 .text.HAL_UART_Transmit
                0x08009080      0x168 ./Drivers/STM32WLxx_HAL_Driver/Src/stm32wlxx_hal_uart.o
                0x08009080                HAL_UART_Transmit
 .text.HAL_UART_Init
                0x080091e8       0xd8 ./Drivers/STM32WLxx_HAL_Driver/Src/stm32wlxx_hal_uart.o
                0x080091e8                HAL_UART_Init
 .text.HAL_UARTEx_WakeupCallback
                0x080092c0        0x4 ./Drivers/STM32WLxx_HAL_Driver/Src/stm32wlxx_hal_uart_ex.o
                0x080092c0                HAL_UARTEx_WakeupCallback
 .text.HAL_UARTEx_RxFifoFullCallback
                0x080092c4        0x4 ./Drivers/STM32WLxx_HAL_Driver/Src/stm32wlxx_hal_uart_ex.o
                0x080092c4                HAL_UARTEx_RxFifoFullCallback
 .text.HAL_UARTEx_TxFifoEmptyCallback
                0x080092c8        0x4 ./Drivers/STM32WLxx_HAL_Driver/Src/stm32wlxx_hal_uart_ex.o
                0x080092c8                HAL_UARTEx_TxFifoEmptyCallback
 .text.HAL_UARTEx_StopModeWakeUpSourceConfig
                0x080092cc       0x90 ./Drivers/STM32WLxx_HAL_Driver/Src/stm32wlxx_hal_uart_ex.o
                0x080092cc                HAL_UARTEx_StopModeWakeUpSourceConfig
 .text.HAL_UARTEx_EnableStopMode
                0x0800935c       0x2c ./Drivers/STM32WLxx_HAL_Driver/Src/stm32wlxx_hal_uart_ex.o
                0x0800935c                HAL_UARTEx_EnableStopMode
 .text.HAL_UARTEx_DisableFifoMode
                0x08009388       0x3c ./Drivers/STM32WLxx_HAL_Driver/Src/stm32wlxx_hal_uart_ex.o
                0x08009388                HAL_UARTEx_DisableFifoMode
 .text.HAL_UARTEx_SetTxFifoThreshold
                0x080093c4       0x84 ./Drivers/STM32WLxx_HAL_Driver/Src/stm32wlxx_hal_uart_ex.o
                0x080093c4                HAL_UARTEx_SetTxFifoThreshold
 .text.HAL_UARTEx_SetRxFifoThreshold
                0x08009448       0x84 ./Drivers/STM32WLxx_HAL_Driver/Src/stm32wlxx_hal_uart_ex.o
                0x08009448                HAL_UARTEx_SetRxFifoThreshold
 .text.RadioCheckRfFrequency
                0x080094cc        0x4 ./Middlewares/Third_Party/SubGHz_Phy/stm32_radio_driver/radio.o
 .text.RadioTimeOnAir
                0x080094d0      0x108 ./Middlewares/Third_Party/SubGHz_Phy/stm32_radio_driver/radio.o
 .text.RadioOnTxTimeoutIrq
                0x080095d8       0x14 ./Middlewares/Third_Party/SubGHz_Phy/stm32_radio_driver/radio.o
 .text.RadioOnRxTimeoutIrq
                0x080095ec       0x14 ./Middlewares/Third_Party/SubGHz_Phy/stm32_radio_driver/radio.o
 .text.RadioLrFhssSetCfg
                0x08009600        0x4 ./Middlewares/Third_Party/SubGHz_Phy/stm32_radio_driver/radio.o
 .text.RadioLrFhssGetTimeOnAirInMs
                0x08009604        0x4 ./Middlewares/Third_Party/SubGHz_Phy/stm32_radio_driver/radio.o
 .text.RadioRead
                0x08009608        0x4 ./Middlewares/Third_Party/SubGHz_Phy/stm32_radio_driver/radio.o
 .text.RadioWrite
                0x0800960c        0x4 ./Middlewares/Third_Party/SubGHz_Phy/stm32_radio_driver/radio.o
 .text.RadioTxCw
                0x08009610       0x24 ./Middlewares/Third_Party/SubGHz_Phy/stm32_radio_driver/radio.o
 .text.RadioSetRxDutyCycle
                0x08009634       0x38 ./Middlewares/Third_Party/SubGHz_Phy/stm32_radio_driver/radio.o
 .text.RadioStandby
                0x0800966c        0x8 ./Middlewares/Third_Party/SubGHz_Phy/stm32_radio_driver/radio.o
 .text.RadioGetStatus
                0x08009674       0x1c ./Middlewares/Third_Party/SubGHz_Phy/stm32_radio_driver/radio.o
 .text.RadioGetWakeupTime
                0x08009690        0xc ./Middlewares/Third_Party/SubGHz_Phy/stm32_radio_driver/radio.o
 .text.RadioReadRegisters
                0x0800969c        0x4 ./Middlewares/Third_Party/SubGHz_Phy/stm32_radio_driver/radio.o
 .text.RadioWriteRegisters
                0x080096a0        0x4 ./Middlewares/Third_Party/SubGHz_Phy/stm32_radio_driver/radio.o
 .text.RadioRssi
                0x080096a4        0x8 ./Middlewares/Third_Party/SubGHz_Phy/stm32_radio_driver/radio.o
 .text.RadioSetTxContinuousWave
                0x080096ac       0x48 ./Middlewares/Third_Party/SubGHz_Phy/stm32_radio_driver/radio.o
 .text.RadioSetChannel
                0x080096f4        0x4 ./Middlewares/Third_Party/SubGHz_Phy/stm32_radio_driver/radio.o
 .text.RadioStartCad
                0x080096f8       0x28 ./Middlewares/Third_Party/SubGHz_Phy/stm32_radio_driver/radio.o
 .text.RadioSleep
                0x08009720       0x14 ./Middlewares/Third_Party/SubGHz_Phy/stm32_radio_driver/radio.o
 .text.RadioRandom
                0x08009734       0x18 ./Middlewares/Third_Party/SubGHz_Phy/stm32_radio_driver/radio.o
 .text.RadioSetMaxPayloadLength
                0x0800974c       0x34 ./Middlewares/Third_Party/SubGHz_Phy/stm32_radio_driver/radio.o
 .text.RadioRxBoosted
                0x08009780       0x68 ./Middlewares/Third_Party/SubGHz_Phy/stm32_radio_driver/radio.o
 .text.RadioRx  0x080097e8       0x68 ./Middlewares/Third_Party/SubGHz_Phy/stm32_radio_driver/radio.o
 .text.RadioSend
                0x08009850      0x248 ./Middlewares/Third_Party/SubGHz_Phy/stm32_radio_driver/radio.o
 .text.RadioTxPrbs
                0x08009a98       0x30 ./Middlewares/Third_Party/SubGHz_Phy/stm32_radio_driver/radio.o
 .text.RadioIrqProcess
                0x08009ac8      0x2d8 ./Middlewares/Third_Party/SubGHz_Phy/stm32_radio_driver/radio.o
 .text.RadioOnDioIrq
                0x08009da0       0x10 ./Middlewares/Third_Party/SubGHz_Phy/stm32_radio_driver/radio.o
 .text.RadioInit
                0x08009db0       0xa4 ./Middlewares/Third_Party/SubGHz_Phy/stm32_radio_driver/radio.o
 .text.RadioSetPublicNetwork
                0x08009e54       0x6c ./Middlewares/Third_Party/SubGHz_Phy/stm32_radio_driver/radio.o
 .text.RadioSetModem
                0x08009ec0       0xf0 ./Middlewares/Third_Party/SubGHz_Phy/stm32_radio_driver/radio.o
 .text.RadioSetModem.part.0
                0x08009fb0      0x108 ./Middlewares/Third_Party/SubGHz_Phy/stm32_radio_driver/radio.o
 .text.RadioSetTxGenericConfig
                0x0800a0b8      0x2b8 ./Middlewares/Third_Party/SubGHz_Phy/stm32_radio_driver/radio.o
 .text.RadioSetRxGenericConfig
                0x0800a370      0x24c ./Middlewares/Third_Party/SubGHz_Phy/stm32_radio_driver/radio.o
 .text.RadioSetRxConfig
                0x0800a5bc      0x338 ./Middlewares/Third_Party/SubGHz_Phy/stm32_radio_driver/radio.o
 .text.RadioIsChannelFree
                0x0800a8f4       0xd0 ./Middlewares/Third_Party/SubGHz_Phy/stm32_radio_driver/radio.o
 .text.RadioSetTxConfig
                0x0800a9c4      0x2ac ./Middlewares/Third_Party/SubGHz_Phy/stm32_radio_driver/radio.o
 .text.SUBGRF_Init
                0x0800ac70      0x12c ./Middlewares/Third_Party/SubGHz_Phy/stm32_radio_driver/radio_driver.o
                0x0800ac70                SUBGRF_Init
 .text.SUBGRF_GetOperatingMode
                0x0800ad9c        0xc ./Middlewares/Third_Party/SubGHz_Phy/stm32_radio_driver/radio_driver.o
                0x0800ad9c                SUBGRF_GetOperatingMode
 .text.SUBGRF_GetPayload
                0x0800ada8       0x80 ./Middlewares/Third_Party/SubGHz_Phy/stm32_radio_driver/radio_driver.o
                0x0800ada8                SUBGRF_GetPayload
 .text.SUBGRF_SendPayload
                0x0800ae28       0x58 ./Middlewares/Third_Party/SubGHz_Phy/stm32_radio_driver/radio_driver.o
                0x0800ae28                SUBGRF_SendPayload
 .text.SUBGRF_SetSyncWord
                0x0800ae80       0x24 ./Middlewares/Third_Party/SubGHz_Phy/stm32_radio_driver/radio_driver.o
                0x0800ae80                SUBGRF_SetSyncWord
 .text.SUBGRF_SetCrcPolynomial
                0x0800aea4       0x38 ./Middlewares/Third_Party/SubGHz_Phy/stm32_radio_driver/radio_driver.o
                0x0800aea4                SUBGRF_SetCrcPolynomial
 .text.SUBGRF_SetWhiteningSeed
                0x0800aedc       0x60 ./Middlewares/Third_Party/SubGHz_Phy/stm32_radio_driver/radio_driver.o
                0x0800aedc                SUBGRF_SetWhiteningSeed
 .text.SUBGRF_GetRandom
                0x0800af3c       0xf8 ./Middlewares/Third_Party/SubGHz_Phy/stm32_radio_driver/radio_driver.o
                0x0800af3c                SUBGRF_GetRandom
 .text.SUBGRF_SetSleep
                0x0800b034       0x7c ./Middlewares/Third_Party/SubGHz_Phy/stm32_radio_driver/radio_driver.o
                0x0800b034                SUBGRF_SetSleep
 .text.SUBGRF_SetStandby
                0x0800b0b0       0x3c ./Middlewares/Third_Party/SubGHz_Phy/stm32_radio_driver/radio_driver.o
                0x0800b0b0                SUBGRF_SetStandby
 .text.SUBGRF_SetTx
                0x0800b0ec       0x3c ./Middlewares/Third_Party/SubGHz_Phy/stm32_radio_driver/radio_driver.o
                0x0800b0ec                SUBGRF_SetTx
 .text.SUBGRF_SetRx
                0x0800b128       0x3c ./Middlewares/Third_Party/SubGHz_Phy/stm32_radio_driver/radio_driver.o
                0x0800b128                SUBGRF_SetRx
 .text.SUBGRF_SetRxBoosted
                0x0800b164       0x54 ./Middlewares/Third_Party/SubGHz_Phy/stm32_radio_driver/radio_driver.o
                0x0800b164                SUBGRF_SetRxBoosted
 .text.SUBGRF_SetRxDutyCycle
                0x0800b1b8       0x4c ./Middlewares/Third_Party/SubGHz_Phy/stm32_radio_driver/radio_driver.o
                0x0800b1b8                SUBGRF_SetRxDutyCycle
 .text.SUBGRF_SetCad
                0x0800b204       0x28 ./Middlewares/Third_Party/SubGHz_Phy/stm32_radio_driver/radio_driver.o
                0x0800b204                SUBGRF_SetCad
 .text.SUBGRF_SetTxContinuousWave
                0x0800b22c       0x20 ./Middlewares/Third_Party/SubGHz_Phy/stm32_radio_driver/radio_driver.o
                0x0800b22c                SUBGRF_SetTxContinuousWave
 .text.SUBGRF_SetTxInfinitePreamble
                0x0800b24c       0x20 ./Middlewares/Third_Party/SubGHz_Phy/stm32_radio_driver/radio_driver.o
                0x0800b24c                SUBGRF_SetTxInfinitePreamble
 .text.SUBGRF_SetStopRxTimerOnPreambleDetect
                0x0800b26c       0x28 ./Middlewares/Third_Party/SubGHz_Phy/stm32_radio_driver/radio_driver.o
                0x0800b26c                SUBGRF_SetStopRxTimerOnPreambleDetect
 .text.SUBGRF_SetLoRaSymbNumTimeout
                0x0800b294       0x50 ./Middlewares/Third_Party/SubGHz_Phy/stm32_radio_driver/radio_driver.o
                0x0800b294                SUBGRF_SetLoRaSymbNumTimeout
 .text.SUBGRF_SetRegulatorMode
                0x0800b2e4       0x38 ./Middlewares/Third_Party/SubGHz_Phy/stm32_radio_driver/radio_driver.o
                0x0800b2e4                SUBGRF_SetRegulatorMode
 .text.SUBGRF_SetDioIrqParams
                0x0800b31c       0x58 ./Middlewares/Third_Party/SubGHz_Phy/stm32_radio_driver/radio_driver.o
                0x0800b31c                SUBGRF_SetDioIrqParams
 .text.SUBGRF_SetRfFrequency
                0x0800b374       0xbc ./Middlewares/Third_Party/SubGHz_Phy/stm32_radio_driver/radio_driver.o
                0x0800b374                SUBGRF_SetRfFrequency
 .text.SUBGRF_SetPacketType
                0x0800b430       0x4c ./Middlewares/Third_Party/SubGHz_Phy/stm32_radio_driver/radio_driver.o
                0x0800b430                SUBGRF_SetPacketType
 .text.SUBGRF_SetTxParams
                0x0800b47c      0x1d4 ./Middlewares/Third_Party/SubGHz_Phy/stm32_radio_driver/radio_driver.o
                0x0800b47c                SUBGRF_SetTxParams
 .text.SUBGRF_SetModulationParams
                0x0800b650      0x148 ./Middlewares/Third_Party/SubGHz_Phy/stm32_radio_driver/radio_driver.o
                0x0800b650                SUBGRF_SetModulationParams
 .text.SUBGRF_SetPacketParams
                0x0800b798      0x1a8 ./Middlewares/Third_Party/SubGHz_Phy/stm32_radio_driver/radio_driver.o
                0x0800b798                SUBGRF_SetPacketParams
 .text.SUBGRF_SetBufferBaseAddress
                0x0800b940       0x2c ./Middlewares/Third_Party/SubGHz_Phy/stm32_radio_driver/radio_driver.o
                0x0800b940                SUBGRF_SetBufferBaseAddress
 .text.SUBGRF_GetRssiInst
                0x0800b96c       0x2c ./Middlewares/Third_Party/SubGHz_Phy/stm32_radio_driver/radio_driver.o
                0x0800b96c                SUBGRF_GetRssiInst
 .text.SUBGRF_GetPacketStatus
                0x0800b998       0x90 ./Middlewares/Third_Party/SubGHz_Phy/stm32_radio_driver/radio_driver.o
                0x0800b998                SUBGRF_GetPacketStatus
 .text.SUBGRF_WriteRegister
                0x0800ba28       0x24 ./Middlewares/Third_Party/SubGHz_Phy/stm32_radio_driver/radio_driver.o
                0x0800ba28                SUBGRF_WriteRegister
 .text.SUBGRF_ReadRegister
                0x0800ba4c       0x20 ./Middlewares/Third_Party/SubGHz_Phy/stm32_radio_driver/radio_driver.o
                0x0800ba4c                SUBGRF_ReadRegister
 .text.SUBGRF_WriteRegisters
                0x0800ba6c       0x20 ./Middlewares/Third_Party/SubGHz_Phy/stm32_radio_driver/radio_driver.o
                0x0800ba6c                SUBGRF_WriteRegisters
 .text.SUBGRF_ReadRegisters
                0x0800ba8c       0x20 ./Middlewares/Third_Party/SubGHz_Phy/stm32_radio_driver/radio_driver.o
                0x0800ba8c                SUBGRF_ReadRegisters
 .text.SUBGRF_SetSwitch
                0x0800baac       0x70 ./Middlewares/Third_Party/SubGHz_Phy/stm32_radio_driver/radio_driver.o
                0x0800baac                SUBGRF_SetSwitch
 .text.SUBGRF_SetRfTxPower
                0x0800bb1c       0x38 ./Middlewares/Third_Party/SubGHz_Phy/stm32_radio_driver/radio_driver.o
                0x0800bb1c                SUBGRF_SetRfTxPower
 .text.SUBGRF_GetRadioWakeUpTime
                0x0800bb54        0x4 ./Middlewares/Third_Party/SubGHz_Phy/stm32_radio_driver/radio_driver.o
                0x0800bb54                SUBGRF_GetRadioWakeUpTime
 .text.HAL_SUBGHZ_TxCpltCallback
                0x0800bb58        0xc ./Middlewares/Third_Party/SubGHz_Phy/stm32_radio_driver/radio_driver.o
                0x0800bb58                HAL_SUBGHZ_TxCpltCallback
 .text.HAL_SUBGHZ_RxCpltCallback
                0x0800bb64        0xc ./Middlewares/Third_Party/SubGHz_Phy/stm32_radio_driver/radio_driver.o
                0x0800bb64                HAL_SUBGHZ_RxCpltCallback
 .text.HAL_SUBGHZ_CRCErrorCallback
                0x0800bb70        0xc ./Middlewares/Third_Party/SubGHz_Phy/stm32_radio_driver/radio_driver.o
                0x0800bb70                HAL_SUBGHZ_CRCErrorCallback
 .text.HAL_SUBGHZ_CADStatusCallback
                0x0800bb7c       0x20 ./Middlewares/Third_Party/SubGHz_Phy/stm32_radio_driver/radio_driver.o
                0x0800bb7c                HAL_SUBGHZ_CADStatusCallback
 .text.HAL_SUBGHZ_RxTxTimeoutCallback
                0x0800bb9c       0x10 ./Middlewares/Third_Party/SubGHz_Phy/stm32_radio_driver/radio_driver.o
                0x0800bb9c                HAL_SUBGHZ_RxTxTimeoutCallback
 .text.HAL_SUBGHZ_HeaderErrorCallback
                0x0800bbac        0xc ./Middlewares/Third_Party/SubGHz_Phy/stm32_radio_driver/radio_driver.o
                0x0800bbac                HAL_SUBGHZ_HeaderErrorCallback
 .text.HAL_SUBGHZ_PreambleDetectedCallback
                0x0800bbb8        0xc ./Middlewares/Third_Party/SubGHz_Phy/stm32_radio_driver/radio_driver.o
                0x0800bbb8                HAL_SUBGHZ_PreambleDetectedCallback
 .text.HAL_SUBGHZ_SyncWordValidCallback
                0x0800bbc4        0xc ./Middlewares/Third_Party/SubGHz_Phy/stm32_radio_driver/radio_driver.o
                0x0800bbc4                HAL_SUBGHZ_SyncWordValidCallback
 .text.HAL_SUBGHZ_HeaderValidCallback
                0x0800bbd0        0xc ./Middlewares/Third_Party/SubGHz_Phy/stm32_radio_driver/radio_driver.o
                0x0800bbd0                HAL_SUBGHZ_HeaderValidCallback
 .text.HAL_SUBGHZ_LrFhssHopCallback
                0x0800bbdc       0x10 ./Middlewares/Third_Party/SubGHz_Phy/stm32_radio_driver/radio_driver.o
                0x0800bbdc                HAL_SUBGHZ_LrFhssHopCallback
 .text.SUBGRF_GetFskBandwidthRegValue
                0x0800bbec       0x2c ./Middlewares/Third_Party/SubGHz_Phy/stm32_radio_driver/radio_driver.o
                0x0800bbec                SUBGRF_GetFskBandwidthRegValue
 .text.SUBGRF_GetCFO
                0x0800bc18       0xa4 ./Middlewares/Third_Party/SubGHz_Phy/stm32_radio_driver/radio_driver.o
                0x0800bc18                SUBGRF_GetCFO
 .text.RFW_TransmitLongPacket
                0x0800bcbc        0x8 ./Middlewares/Third_Party/SubGHz_Phy/stm32_radio_driver/radio_fw.o
                0x0800bcbc                RFW_TransmitLongPacket
 .text.RFW_ReceiveLongPacket
                0x0800bcc4        0x8 ./Middlewares/Third_Party/SubGHz_Phy/stm32_radio_driver/radio_fw.o
                0x0800bcc4                RFW_ReceiveLongPacket
 .text.RFW_Init
                0x0800bccc        0x8 ./Middlewares/Third_Party/SubGHz_Phy/stm32_radio_driver/radio_fw.o
                0x0800bccc                RFW_Init
 .text.RFW_DeInit
                0x0800bcd4        0x4 ./Middlewares/Third_Party/SubGHz_Phy/stm32_radio_driver/radio_fw.o
                0x0800bcd4                RFW_DeInit
 .text.RFW_Is_Init
                0x0800bcd8        0x4 ./Middlewares/Third_Party/SubGHz_Phy/stm32_radio_driver/radio_fw.o
                0x0800bcd8                RFW_Is_Init
 .text.RFW_Is_LongPacketModeEnabled
                0x0800bcdc        0x4 ./Middlewares/Third_Party/SubGHz_Phy/stm32_radio_driver/radio_fw.o
                0x0800bcdc                RFW_Is_LongPacketModeEnabled
 .text.RFW_SetAntSwitch
                0x0800bce0        0x4 ./Middlewares/Third_Party/SubGHz_Phy/stm32_radio_driver/radio_fw.o
                0x0800bce0                RFW_SetAntSwitch
 .text.RFW_TransmitInit
                0x0800bce4        0x8 ./Middlewares/Third_Party/SubGHz_Phy/stm32_radio_driver/radio_fw.o
                0x0800bce4                RFW_TransmitInit
 .text.RFW_ReceiveInit
                0x0800bcec        0x8 ./Middlewares/Third_Party/SubGHz_Phy/stm32_radio_driver/radio_fw.o
                0x0800bcec                RFW_ReceiveInit
 .text.RFW_DeInit_TxLongPacket
                0x0800bcf4        0x4 ./Middlewares/Third_Party/SubGHz_Phy/stm32_radio_driver/radio_fw.o
                0x0800bcf4                RFW_DeInit_TxLongPacket
 .text.RFW_ReceivePayload
                0x0800bcf8        0x4 ./Middlewares/Third_Party/SubGHz_Phy/stm32_radio_driver/radio_fw.o
                0x0800bcf8                RFW_ReceivePayload
 .text.RFW_SetRadioModem
                0x0800bcfc        0x4 ./Middlewares/Third_Party/SubGHz_Phy/stm32_radio_driver/radio_fw.o
                0x0800bcfc                RFW_SetRadioModem
 .text.MX_SubGHz_Phy_Init
                0x0800bd00       0x10 ./SubGHz_Phy/App/app_subghz_phy.o
                0x0800bd00                MX_SubGHz_Phy_Init
 .text.MX_SubGHz_Phy_Process
                0x0800bd10        0x8 ./SubGHz_Phy/App/app_subghz_phy.o
                0x0800bd10                MX_SubGHz_Phy_Process
 .text.OnRxError
                0x0800bd18        0xc ./SubGHz_Phy/App/subghz_phy_app.o
 .text.OnRxTimeout
                0x0800bd24        0xc ./SubGHz_Phy/App/subghz_phy_app.o
 .text.OnTxTimeout
                0x0800bd30        0xc ./SubGHz_Phy/App/subghz_phy_app.o
 .text.OnTxDone
                0x0800bd3c        0xc ./SubGHz_Phy/App/subghz_phy_app.o
 .text.OnRxDone
                0x0800bd48        0x4 ./SubGHz_Phy/App/subghz_phy_app.o
 .text.SubghzApp_Init
                0x0800bd4c       0xa8 ./SubGHz_Phy/App/subghz_phy_app.o
                0x0800bd4c                SubghzApp_Init
 .text.SubghzApp_SetLoRaConfig
                0x0800bdf4       0x70 ./SubGHz_Phy/App/subghz_phy_app.o
                0x0800bdf4                SubghzApp_SetLoRaConfig
 .text.RBI_Init
                0x0800be64       0x50 ./SubGHz_Phy/Target/radio_board_if.o
                0x0800be64                RBI_Init
 .text.RBI_ConfigRFSwitch
                0x0800beb4       0x30 ./SubGHz_Phy/Target/radio_board_if.o
                0x0800beb4                RBI_ConfigRFSwitch
 .text.RBI_GetTxConfig
                0x0800bee4        0x4 ./SubGHz_Phy/Target/radio_board_if.o
                0x0800bee4                RBI_GetTxConfig
 .text.RBI_IsTCXO
                0x0800bee8        0x4 ./SubGHz_Phy/Target/radio_board_if.o
                0x0800bee8                RBI_IsTCXO
 .text.RBI_IsDCDC
                0x0800beec        0x4 ./SubGHz_Phy/Target/radio_board_if.o
                0x0800beec                RBI_IsDCDC
 .text.RBI_GetRFOMaxPowerConfig
                0x0800bef0        0xc ./SubGHz_Phy/Target/radio_board_if.o
                0x0800bef0                RBI_GetRFOMaxPowerConfig
 .text.UTIL_LPM_Init
                0x0800befc       0x14 ./Utilities/lpm/tiny_lpm/stm32_lpm.o
                0x0800befc                UTIL_LPM_Init
 .text.UTIL_LPM_SetStopMode
                0x0800bf10       0x30 ./Utilities/lpm/tiny_lpm/stm32_lpm.o
                0x0800bf10                UTIL_LPM_SetStopMode
 .text.UTIL_LPM_SetOffMode
                0x0800bf40       0x30 ./Utilities/lpm/tiny_lpm/stm32_lpm.o
                0x0800bf40                UTIL_LPM_SetOffMode
 .text.UTIL_LPM_EnterLowPower
                0x0800bf70       0x50 ./Utilities/lpm/tiny_lpm/stm32_lpm.o
                0x0800bf70                UTIL_LPM_EnterLowPower
 .text.UTIL_MEM_cpy_8
                0x0800bfc0       0x9c ./Utilities/misc/stm32_mem.o
                0x0800bfc0                UTIL_MEM_cpy_8
 .text.UTIL_MEM_set_8
                0x0800c05c        0x8 ./Utilities/misc/stm32_mem.o
                0x0800c05c                UTIL_MEM_set_8
 .text.SysTimeGet
                0x0800c064       0x4c ./Utilities/misc/stm32_systime.o
                0x0800c064                SysTimeGet
 .text.tiny_vsnprintf_like
                0x0800c0b0      0x48c ./Utilities/misc/stm32_tiny_vsnprintf.o
                0x0800c0b0                tiny_vsnprintf_like
 .text.UTIL_SEQ_PreIdle
                0x0800c53c        0x4 ./Utilities/sequencer/stm32_seq.o
                0x0800c53c                UTIL_SEQ_PreIdle
 .text.UTIL_SEQ_PostIdle
                0x0800c540        0x4 ./Utilities/sequencer/stm32_seq.o
                0x0800c540                UTIL_SEQ_PostIdle
 .text.UTIL_SEQ_Run
                0x0800c544      0x158 ./Utilities/sequencer/stm32_seq.o
                0x0800c544                UTIL_SEQ_Run
 .text.UTIL_TIMER_Start.part.0
                0x0800c69c       0xf4 ./Utilities/timer/stm32_timer.o
 .text.UTIL_TIMER_Init
                0x0800c790       0x14 ./Utilities/timer/stm32_timer.o
                0x0800c790                UTIL_TIMER_Init
 .text.UTIL_TIMER_Create
                0x0800c7a4       0x34 ./Utilities/timer/stm32_timer.o
                0x0800c7a4                UTIL_TIMER_Create
 .text.UTIL_TIMER_Start
                0x0800c7d8       0x24 ./Utilities/timer/stm32_timer.o
                0x0800c7d8                UTIL_TIMER_Start
 .text.UTIL_TIMER_Stop
                0x0800c7fc       0x94 ./Utilities/timer/stm32_timer.o
                0x0800c7fc                UTIL_TIMER_Stop
 .text.UTIL_TIMER_SetPeriod
                0x0800c890       0x54 ./Utilities/timer/stm32_timer.o
                0x0800c890                UTIL_TIMER_SetPeriod
 .text.UTIL_TIMER_IRQ_Handler
                0x0800c8e4       0xe8 ./Utilities/timer/stm32_timer.o
                0x0800c8e4                UTIL_TIMER_IRQ_Handler
 .text.UTIL_TIMER_GetCurrentTime
                0x0800c9cc       0x14 ./Utilities/timer/stm32_timer.o
                0x0800c9cc                UTIL_TIMER_GetCurrentTime
 .text.UTIL_TIMER_GetElapsedTime
                0x0800c9e0       0x20 ./Utilities/timer/stm32_timer.o
                0x0800c9e0                UTIL_TIMER_GetElapsedTime
 .text.UTIL_ADV_TRACE_Init
                0x0800ca00       0x34 ./Utilities/trace/adv_trace/stm32_adv_trace.o
                0x0800ca00                UTIL_ADV_TRACE_Init
 .text.UTIL_ADV_TRACE_RegisterTimeStampFunction
                0x0800ca34        0xc ./Utilities/trace/adv_trace/stm32_adv_trace.o
                0x0800ca34                UTIL_ADV_TRACE_RegisterTimeStampFunction
 .text.UTIL_ADV_TRACE_SetVerboseLevel
                0x0800ca40        0xc ./Utilities/trace/adv_trace/stm32_adv_trace.o
                0x0800ca40                UTIL_ADV_TRACE_SetVerboseLevel
 .text.TRACE_Send
                0x0800ca4c       0xb8 ./Utilities/trace/adv_trace/stm32_adv_trace.o
 .text.UTIL_ADV_TRACE_COND_FSend
                0x0800cb04      0x238 ./Utilities/trace/adv_trace/stm32_adv_trace.o
                0x0800cb04                UTIL_ADV_TRACE_COND_FSend
 .text.TRACE_TxCpltCallback
                0x0800cd3c       0xac ./Utilities/trace/adv_trace/stm32_adv_trace.o
 .text.memset   0x0800cde8       0x10 C:/ST/STM32CubeIDE_1.13.2/STM32CubeIDE/plugins/com.st.stm32cube.ide.mcu.externaltools.gnu-tools-for-stm32.12.3.rel1.win32_1.0.200.202406191623/tools/bin/../lib/gcc/arm-none-eabi/12.3.1/../../../../arm-none-eabi/lib/thumb/v7e-m/nofp\libc_nano.a(libc_a-memset.o)
                0x0800cde8                memset
 .text.__libc_init_array
                0x0800cdf8       0x48 C:/ST/STM32CubeIDE_1.13.2/STM32CubeIDE/plugins/com.st.stm32cube.ide.mcu.externaltools.gnu-tools-for-stm32.12.3.rel1.win32_1.0.200.202406191623/tools/bin/../lib/gcc/arm-none-eabi/12.3.1/../../../../arm-none-eabi/lib/thumb/v7e-m/nofp\libc_nano.a(libc_a-init.o)
                0x0800cdf8                __libc_init_array
 *(.glue_7)
 .glue_7        0x0800ce40        0x0 linker stubs
 *(.glue_7t)
 .glue_7t       0x0800ce40        0x0 linker stubs
 *(.eh_frame)
 .eh_frame      0x0800ce40        0x0 C:/ST/STM32CubeIDE_1.13.2/STM32CubeIDE/plugins/com.st.stm32cube.ide.mcu.externaltools.gnu-tools-for-stm32.12.3.rel1.win32_1.0.200.202406191623/tools/bin/../lib/gcc/arm-none-eabi/12.3.1/thumb/v7e-m/nofp/crtbegin.o
 *(.init)
 .init          0x0800ce40        0x4 C:/ST/STM32CubeIDE_1.13.2/STM32CubeIDE/plugins/com.st.stm32cube.ide.mcu.externaltools.gnu-tools-for-stm32.12.3.rel1.win32_1.0.200.202406191623/tools/bin/../lib/gcc/arm-none-eabi/12.3.1/thumb/v7e-m/nofp/crti.o
                0x0800ce40                _init
 .init          0x0800ce44        0x8 C:/ST/STM32CubeIDE_1.13.2/STM32CubeIDE/plugins/com.st.stm32cube.ide.mcu.externaltools.gnu-tools-for-stm32.12.3.rel1.win32_1.0.200.202406191623/tools/bin/../lib/gcc/arm-none-eabi/12.3.1/thumb/v7e-m/nofp/crtn.o
 *(.fini)
 .fini          0x0800ce4c        0x4 C:/ST/STM32CubeIDE_1.13.2/STM32CubeIDE/plugins/com.st.stm32cube.ide.mcu.externaltools.gnu-tools-for-stm32.12.3.rel1.win32_1.0.200.202406191623/tools/bin/../lib/gcc/arm-none-eabi/12.3.1/thumb/v7e-m/nofp/crti.o
                0x0800ce4c                _fini
 .fini          0x0800ce50        0x8 C:/ST/STM32CubeIDE_1.13.2/STM32CubeIDE/plugins/com.st.stm32cube.ide.mcu.externaltools.gnu-tools-for-stm32.12.3.rel1.win32_1.0.200.202406191623/tools/bin/../lib/gcc/arm-none-eabi/12.3.1/thumb/v7e-m/nofp/crtn.o
                0x0800ce58                        . = ALIGN (0x4)
                0x0800ce58                        _etext = .

.vfp11_veneer   0x0800ce58        0x0
 .vfp11_veneer  0x0800ce58        0x0 linker stubs

.v4_bx          0x0800ce58        0x0
 .v4_bx         0x0800ce58        0x0 linker stubs

.iplt           0x0800ce58        0x0
 .iplt          0x0800ce58        0x0 C:/ST/STM32CubeIDE_1.13.2/STM32CubeIDE/plugins/com.st.stm32cube.ide.mcu.externaltools.gnu-tools-for-stm32.12.3.rel1.win32_1.0.200.202406191623/tools/bin/../lib/gcc/arm-none-eabi/12.3.1/thumb/v7e-m/nofp/crtbegin.o

.rodata         0x0800ce58      0x618
                0x0800ce58                        . = ALIGN (0x4)
 *(.rodata)
 .rodata        0x0800ce58       0x92 ./Drivers/BME680/Src/bme68x.o
 *fill*         0x0800ceea        0x2 
 .rodata        0x0800ceec        0xc ./Drivers/STM32WLxx_HAL_Driver/Src/stm32wlxx_hal_rcc.o
 .rodata        0x0800cef8       0x10 ./Middlewares/Third_Party/SubGHz_Phy/stm32_radio_driver/radio.o
 .rodata        0x0800cf08       0x11 ./Middlewares/Third_Party/SubGHz_Phy/stm32_radio_driver/radio_driver.o
 *(.rodata*)
 *fill*         0x0800cf19        0x3 
 .rodata.HAL_GPIO_EXTI_Callback.str1.4
                0x0800cf1c        0xe ./Core/Src/main.o
 *fill*         0x0800cf2a        0x2 
 .rodata.change_SF.str1.4
                0x0800cf2c       0x1e ./Core/Src/main.o
 *fill*         0x0800cf4a        0x2 
 .rodata.send_packet.str1.4
                0x0800cf4c       0x16 ./Core/Src/my_packet.o
 .rodata.send_sync_packet.str1.4
                0x0800cf62       0x1e ./Core/Src/my_packet.o
 *fill*         0x0800cf62        0x2 
 .rodata.decode_print_packet.str1.4
                0x0800cf64       0xe6 ./Core/Src/my_packet.o
                                 0xea (size before relaxing)
 *fill*         0x0800d04a        0x2 
 .rodata.my_sensor_init.str1.4
                0x0800d04c       0x21 ./Core/Src/my_sensor.o
 *fill*         0x0800d06d        0x3 
 .rodata.myRTC_start.str1.4
                0x0800d070        0xe ./Core/Src/rtc.o
 *fill*         0x0800d07e        0x2 
 .rodata.myRTC_stop.str1.4
                0x0800d080        0xd ./Core/Src/rtc.o
 *fill*         0x0800d08d        0x3 
 .rodata.UTIL_PowerDriver
                0x0800d090       0x18 ./Core/Src/stm32_lpm_if.o
                0x0800d090                UTIL_PowerDriver
 .rodata.tiny_snprintf_like.constprop.0.str1.4
                0x0800d0a8        0x9 ./Core/Src/sys_app.o
 *fill*         0x0800d0b1        0x3 
 .rodata.MSIRangeTable
                0x0800d0b4       0x40 ./Core/Src/system_stm32wlxx.o
                0x0800d0b4                MSIRangeTable
 .rodata.APBPrescTable
                0x0800d0f4       0x20 ./Core/Src/system_stm32wlxx.o
                0x0800d0f4                APBPrescTable
 .rodata.AHBPrescTable
                0x0800d114       0x40 ./Core/Src/system_stm32wlxx.o
                0x0800d114                AHBPrescTable
 .rodata.UTIL_SYSTIMDriver
                0x0800d154       0x14 ./Core/Src/timer_if.o
                0x0800d154                UTIL_SYSTIMDriver
 .rodata.UTIL_TimerDriver
                0x0800d168       0x2c ./Core/Src/timer_if.o
                0x0800d168                UTIL_TimerDriver
 .rodata.UTIL_TraceDriver
                0x0800d194       0x10 ./Core/Src/usart_if.o
                0x0800d194                UTIL_TraceDriver
 .rodata.bme68x_set_conf.str1.4
                0x0800d1a4        0x6 ./Drivers/BME680/Src/bme68x.o
 *fill*         0x0800d1aa        0x2 
 .rodata.UARTPrescTable
                0x0800d1ac       0x18 ./Drivers/STM32WLxx_HAL_Driver/Src/stm32wlxx_hal_uart.o
                0x0800d1ac                UARTPrescTable
 .rodata.denominator.0
                0x0800d1c4        0x8 ./Drivers/STM32WLxx_HAL_Driver/Src/stm32wlxx_hal_uart_ex.o
 .rodata.numerator.1
                0x0800d1cc        0x8 ./Drivers/STM32WLxx_HAL_Driver/Src/stm32wlxx_hal_uart_ex.o
 .rodata.RadioSend.str1.4
                0x0800d1d4       0x15 ./Middlewares/Third_Party/SubGHz_Phy/stm32_radio_driver/radio.o
 *fill*         0x0800d1e9        0x3 
 .rodata.RadioIrqProcess.str1.4
                0x0800d1ec       0x54 ./Middlewares/Third_Party/SubGHz_Phy/stm32_radio_driver/radio.o
 .rodata.CSWTCH.75
                0x0800d240        0x4 ./Middlewares/Third_Party/SubGHz_Phy/stm32_radio_driver/radio.o
 .rodata.CSWTCH.55
                0x0800d244       0x2c ./Middlewares/Third_Party/SubGHz_Phy/stm32_radio_driver/radio.o
 .rodata.Bandwidths
                0x0800d270        0x3 ./Middlewares/Third_Party/SubGHz_Phy/stm32_radio_driver/radio.o
                0x0800d270                Bandwidths
 *fill*         0x0800d273        0x1 
 .rodata.Radio  0x0800d274       0x8c ./Middlewares/Third_Party/SubGHz_Phy/stm32_radio_driver/radio.o
                0x0800d274                Radio
 .rodata.FskBandwidths
                0x0800d300       0xb0 ./Middlewares/Third_Party/SubGHz_Phy/stm32_radio_driver/radio_driver.o
 .rodata.OnRxError.str1.4
                0x0800d3b0       0x14 ./SubGHz_Phy/App/subghz_phy_app.o
 .rodata.OnRxTimeout.str1.4
                0x0800d3c4       0x16 ./SubGHz_Phy/App/subghz_phy_app.o
 *fill*         0x0800d3da        0x2 
 .rodata.OnTxTimeout.str1.4
                0x0800d3dc       0x16 ./SubGHz_Phy/App/subghz_phy_app.o
 *fill*         0x0800d3f2        0x2 
 .rodata.OnTxDone.str1.4
                0x0800d3f4       0x13 ./SubGHz_Phy/App/subghz_phy_app.o
 *fill*         0x0800d407        0x1 
 .rodata.tiny_vsnprintf_like.str1.4
                0x0800d408       0x55 ./Utilities/misc/stm32_tiny_vsnprintf.o
 *fill*         0x0800d45d        0x3 
 .rodata.SEQ_clz_table_4bit
                0x0800d460       0x10 ./Utilities/sequencer/stm32_seq.o
                0x0800d460                SEQ_clz_table_4bit
                0x0800d470                        . = ALIGN (0x4)

.ARM.extab      0x0800d470        0x0
                0x0800d470                        . = ALIGN (0x4)
 *(.ARM.extab* .gnu.linkonce.armextab.*)
                0x0800d470                        . = ALIGN (0x4)

.ARM            0x0800d470        0x8
                0x0800d470                        . = ALIGN (0x4)
                0x0800d470                        __exidx_start = .
 *(.ARM.exidx*)
 .ARM.exidx     0x0800d470        0x8 C:/ST/STM32CubeIDE_1.13.2/STM32CubeIDE/plugins/com.st.stm32cube.ide.mcu.externaltools.gnu-tools-for-stm32.12.3.rel1.win32_1.0.200.202406191623/tools/bin/../lib/gcc/arm-none-eabi/12.3.1/../../../../arm-none-eabi/lib/thumb/v7e-m/nofp\libc_nano.a(libc_a-strlen.o)
 .ARM.exidx     0x0800d478        0x0 C:/ST/STM32CubeIDE_1.13.2/STM32CubeIDE/plugins/com.st.stm32cube.ide.mcu.externaltools.gnu-tools-for-stm32.12.3.rel1.win32_1.0.200.202406191623/tools/bin/../lib/gcc/arm-none-eabi/12.3.1/thumb/v7e-m/nofp\libgcc.a(_udivmoddi4.o)
                                  0x8 (size before relaxing)
                0x0800d478                        __exidx_end = .
                0x0800d478                        . = ALIGN (0x4)

.rel.dyn        0x0800d478        0x0
 .rel.iplt      0x0800d478        0x0 C:/ST/STM32CubeIDE_1.13.2/STM32CubeIDE/plugins/com.st.stm32cube.ide.mcu.externaltools.gnu-tools-for-stm32.12.3.rel1.win32_1.0.200.202406191623/tools/bin/../lib/gcc/arm-none-eabi/12.3.1/thumb/v7e-m/nofp/crtbegin.o

.preinit_array  0x0800d478        0x0
                0x0800d478                        . = ALIGN (0x4)
                0x0800d478                        PROVIDE (__preinit_array_start = .)
 *(.preinit_array*)
                0x0800d478                        PROVIDE (__preinit_array_end = .)
                0x0800d478                        . = ALIGN (0x4)

.init_array     0x0800d478        0x4
                0x0800d478                        . = ALIGN (0x4)
                0x0800d478                        PROVIDE (__init_array_start = .)
 *(SORT_BY_NAME(.init_array.*))
 *(.init_array*)
 .init_array    0x0800d478        0x4 C:/ST/STM32CubeIDE_1.13.2/STM32CubeIDE/plugins/com.st.stm32cube.ide.mcu.externaltools.gnu-tools-for-stm32.12.3.rel1.win32_1.0.200.202406191623/tools/bin/../lib/gcc/arm-none-eabi/12.3.1/thumb/v7e-m/nofp/crtbegin.o
                0x0800d47c                        PROVIDE (__init_array_end = .)
                0x0800d47c                        . = ALIGN (0x4)

.fini_array     0x0800d47c        0x4
                0x0800d47c                        . = ALIGN (0x4)
                [!provide]                        PROVIDE (__fini_array_start = .)
 *(SORT_BY_NAME(.fini_array.*))
 *(.fini_array*)
 .fini_array    0x0800d47c        0x4 C:/ST/STM32CubeIDE_1.13.2/STM32CubeIDE/plugins/com.st.stm32cube.ide.mcu.externaltools.gnu-tools-for-stm32.12.3.rel1.win32_1.0.200.202406191623/tools/bin/../lib/gcc/arm-none-eabi/12.3.1/thumb/v7e-m/nofp/crtbegin.o
                [!provide]                        PROVIDE (__fini_array_end = .)
                0x0800d480                        . = ALIGN (0x4)
                0x0800d480                        _sidata = LOADADDR (.data)

.data           0x20000000       0x24 load address 0x0800d480
                0x20000000                        . = ALIGN (0x4)
                0x20000000                        _sdata = .
 *(.data)
 *(.data*)
 .data.currentSF
                0x20000000        0x4 ./Core/Src/main.o
                0x20000000                currentSF
 .data.currentTxPower
                0x20000004        0x4 ./Core/Src/main.o
                0x20000004                currentTxPower
 .data.sync_num
                0x20000008        0x1 ./Core/Src/my_packet.o
                0x20000008                sync_num
 *fill*         0x20000009        0x3 
 .data.mask     0x2000000c        0x4 ./Core/Src/my_packet.o
                0x2000000c                mask
 .data.SystemCoreClock
                0x20000010        0x4 ./Core/Src/system_stm32wlxx.o
                0x20000010                SystemCoreClock
 .data.uwTickPrio
                0x20000014        0x4 ./Drivers/STM32WLxx_HAL_Driver/Src/stm32wlxx_hal.o
                0x20000014                uwTickPrio
 .data.MaxPayloadLength
                0x20000018        0x1 ./Middlewares/Third_Party/SubGHz_Phy/stm32_radio_driver/radio.o
 *fill*         0x20000019        0x3 
 .data.SuperMask
                0x2000001c        0x4 ./Utilities/sequencer/stm32_seq.o
 .data.TaskMask
                0x20000020        0x4 ./Utilities/sequencer/stm32_seq.o
 *(.RamFunc)
 *(.RamFunc*)
                0x20000024                        . = ALIGN (0x4)
                0x20000024                        _edata = .

.igot.plt       0x20000024        0x0 load address 0x0800d4a4
 .igot.plt      0x20000024        0x0 C:/ST/STM32CubeIDE_1.13.2/STM32CubeIDE/plugins/com.st.stm32cube.ide.mcu.externaltools.gnu-tools-for-stm32.12.3.rel1.win32_1.0.200.202406191623/tools/bin/../lib/gcc/arm-none-eabi/12.3.1/thumb/v7e-m/nofp/crtbegin.o
                0x20000024                        . = ALIGN (0x4)

.bss            0x20000028      0x90c load address 0x0800d4a4
                0x20000028                        _sbss = .
                0x20000028                        __bss_start__ = _sbss
 *(.bss)
 .bss           0x20000028       0x1c C:/ST/STM32CubeIDE_1.13.2/STM32CubeIDE/plugins/com.st.stm32cube.ide.mcu.externaltools.gnu-tools-for-stm32.12.3.rel1.win32_1.0.200.202406191623/tools/bin/../lib/gcc/arm-none-eabi/12.3.1/thumb/v7e-m/nofp/crtbegin.o
 *(.bss*)
 .bss.hdma_adc  0x20000044       0x60 ./Core/Src/adc.o
                0x20000044                hdma_adc
 .bss.hadc      0x200000a4       0x64 ./Core/Src/adc.o
                0x200000a4                hadc
 .bss.hi2c1     0x20000108       0x54 ./Core/Src/i2c.o
                0x20000108                hi2c1
 .bss.bme_data  0x2000015c        0x4 ./Core/Src/main.o
                0x2000015c                bme_data
 .bss.packet_length
                0x20000160        0x1 ./Core/Src/my_packet.o
                0x20000160                packet_length
 *fill*         0x20000161        0x7 
 .bss.packet_buffer
                0x20000168       0x40 ./Core/Src/my_packet.o
                0x20000168                packet_buffer
 .bss.n_fields  0x200001a8        0x1 ./Core/Src/my_sensor.o
                0x200001a8                n_fields
 *fill*         0x200001a9        0x3 
 .bss.data      0x200001ac       0x14 ./Core/Src/my_sensor.o
                0x200001ac                data
 .bss.heatr_conf
                0x200001c0       0x14 ./Core/Src/my_sensor.o
                0x200001c0                heatr_conf
 .bss.conf      0x200001d4        0x5 ./Core/Src/my_sensor.o
                0x200001d4                conf
 .bss.dev_addr  0x200001d9        0x1 ./Core/Src/my_sensor.o
 *fill*         0x200001da        0x2 
 .bss.my_hi2c   0x200001dc        0x4 ./Core/Src/my_sensor.o
                0x200001dc                my_hi2c
 .bss.bme680_dev
                0x200001e0       0x50 ./Core/Src/my_sensor.o
                0x200001e0                bme680_dev
 .bss.hrtc      0x20000230       0x38 ./Core/Src/rtc.o
                0x20000230                hrtc
 .bss.hspi1     0x20000268       0x64 ./Core/Src/spi.o
                0x20000268                hspi1
 .bss.hsubghz   0x200002cc        0xc ./Core/Src/subghz.o
                0x200002cc                hsubghz
 .bss.SYS_TimerInitialisedFlag
                0x200002d8        0x1 ./Core/Src/sys_app.o
 *fill*         0x200002d9        0x7 
 .bss.htim1     0x200002e0       0x4c ./Core/Src/tim.o
                0x200002e0                htim1
 .bss.RtcTimerContext
                0x2000032c        0x4 ./Core/Src/timer_if.o
 .bss.RTC_Initialized
                0x20000330        0x1 ./Core/Src/timer_if.o
 *fill*         0x20000331        0x7 
 .bss.hdma_lpuart1_tx
                0x20000338       0x60 ./Core/Src/usart.o
                0x20000338                hdma_lpuart1_tx
 .bss.hlpuart1  0x20000398       0x94 ./Core/Src/usart.o
                0x20000398                hlpuart1
 .bss.RxCpltCallback
                0x2000042c        0x4 ./Core/Src/usart_if.o
 .bss.TxCpltCallback
                0x20000430        0x4 ./Core/Src/usart_if.o
 .bss.charRx    0x20000434        0x1 ./Core/Src/usart_if.o
                0x20000434                charRx
 *fill*         0x20000435        0x3 
 .bss.RxTimeoutTimer
                0x20000438       0x18 ./Middlewares/Third_Party/SubGHz_Phy/stm32_radio_driver/radio.o
                0x20000438                RxTimeoutTimer
 .bss.TxTimeoutTimer
                0x20000450       0x18 ./Middlewares/Third_Party/SubGHz_Phy/stm32_radio_driver/radio.o
                0x20000450                TxTimeoutTimer
 .bss.SubgRf    0x20000468       0x5c ./Middlewares/Third_Party/SubGHz_Phy/stm32_radio_driver/radio.o
                0x20000468                SubgRf
 .bss.RadioEvents
                0x200004c4        0x4 ./Middlewares/Third_Party/SubGHz_Phy/stm32_radio_driver/radio.o
 .bss.RadioBuffer
                0x200004c8       0xff ./Middlewares/Third_Party/SubGHz_Phy/stm32_radio_driver/radio.o
 *fill*         0x200005c7        0x1 
 .bss.RadioOnDioIrqCb
                0x200005c8        0x4 ./Middlewares/Third_Party/SubGHz_Phy/stm32_radio_driver/radio_driver.o
 .bss.ImageCalibrated
                0x200005cc        0x1 ./Middlewares/Third_Party/SubGHz_Phy/stm32_radio_driver/radio_driver.o
 *fill*         0x200005cd        0x3 
 .bss.FrequencyError
                0x200005d0        0x4 ./Middlewares/Third_Party/SubGHz_Phy/stm32_radio_driver/radio_driver.o
                0x200005d0                FrequencyError
 .bss.LoRaHeaderType
                0x200005d4        0x1 ./Middlewares/Third_Party/SubGHz_Phy/stm32_radio_driver/radio_driver.o
 .bss.PacketType
                0x200005d5        0x1 ./Middlewares/Third_Party/SubGHz_Phy/stm32_radio_driver/radio_driver.o
 .bss.OperatingMode
                0x200005d6        0x1 ./Middlewares/Third_Party/SubGHz_Phy/stm32_radio_driver/radio_driver.o
 *fill*         0x200005d7        0x1 
 .bss.RadioEvents
                0x200005d8       0x1c ./SubGHz_Phy/App/subghz_phy_app.o
 .bss.OffModeDisable
                0x200005f4        0x4 ./Utilities/lpm/tiny_lpm/stm32_lpm.o
 .bss.StopModeDisable
                0x200005f8        0x4 ./Utilities/lpm/tiny_lpm/stm32_lpm.o
 .bss.TaskPrio  0x200005fc        0x8 ./Utilities/sequencer/stm32_seq.o
 .bss.TaskCb    0x20000604        0x4 ./Utilities/sequencer/stm32_seq.o
 .bss.CurrentTaskIdx
                0x20000608        0x4 ./Utilities/sequencer/stm32_seq.o
 .bss.EvtWaited
                0x2000060c        0x4 ./Utilities/sequencer/stm32_seq.o
 .bss.EvtSet    0x20000610        0x4 ./Utilities/sequencer/stm32_seq.o
 .bss.TaskSet   0x20000614        0x4 ./Utilities/sequencer/stm32_seq.o
 .bss.TimerListHead
                0x20000618        0x4 ./Utilities/timer/stm32_timer.o
 .bss.sztmp     0x2000061c      0x100 ./Utilities/trace/adv_trace/stm32_adv_trace.o
 .bss.ADV_TRACE_Buffer
                0x2000071c      0x200 ./Utilities/trace/adv_trace/stm32_adv_trace.o
 .bss.ADV_TRACE_Ctx
                0x2000091c       0x18 ./Utilities/trace/adv_trace/stm32_adv_trace.o
 *(COMMON)
                0x20000934                        . = ALIGN (0x4)
                0x20000934                        _ebss = .
                0x20000934                        __bss_end__ = _ebss

._user_heap_stack
                0x20000934      0x604 load address 0x0800d4a4
                0x20000938                        . = ALIGN (0x8)
 *fill*         0x20000934        0x4 
                [!provide]                        PROVIDE (end = .)
                0x20000938                        PROVIDE (_end = .)
                0x20000b38                        . = (. + _Min_Heap_Size)
 *fill*         0x20000938      0x200 
                0x20000f38                        . = (. + _Min_Stack_Size)
 *fill*         0x20000b38      0x400 
                0x20000f38                        . = ALIGN (0x8)

/DISCARD/
 libc.a(*)
 libm.a(*)
 libgcc.a(*)

.ARM.attributes
                0x00000000       0x2a
 *(.ARM.attributes)
 .ARM.attributes
                0x00000000       0x1e C:/ST/STM32CubeIDE_1.13.2/STM32CubeIDE/plugins/com.st.stm32cube.ide.mcu.externaltools.gnu-tools-for-stm32.12.3.rel1.win32_1.0.200.202406191623/tools/bin/../lib/gcc/arm-none-eabi/12.3.1/thumb/v7e-m/nofp/crti.o
 .ARM.attributes
                0x0000001e       0x2e C:/ST/STM32CubeIDE_1.13.2/STM32CubeIDE/plugins/com.st.stm32cube.ide.mcu.externaltools.gnu-tools-for-stm32.12.3.rel1.win32_1.0.200.202406191623/tools/bin/../lib/gcc/arm-none-eabi/12.3.1/thumb/v7e-m/nofp/crtbegin.o
 .ARM.attributes
                0x0000004c       0x2e ./Core/Src/adc.o
 .ARM.attributes
                0x0000007a       0x2e ./Core/Src/dma.o
 .ARM.attributes
                0x000000a8       0x2e ./Core/Src/gpio.o
 .ARM.attributes
                0x000000d6       0x2e ./Core/Src/i2c.o
 .ARM.attributes
                0x00000104       0x2e ./Core/Src/main.o
 .ARM.attributes
                0x00000132       0x2e ./Core/Src/my_packet.o
 .ARM.attributes
                0x00000160       0x2e ./Core/Src/my_sensor.o
 .ARM.attributes
                0x0000018e       0x2e ./Core/Src/rtc.o
 .ARM.attributes
                0x000001bc       0x2e ./Core/Src/spi.o
 .ARM.attributes
                0x000001ea       0x2e ./Core/Src/stm32_lpm_if.o
 .ARM.attributes
                0x00000218       0x2e ./Core/Src/stm32wlxx_hal_msp.o
 .ARM.attributes
                0x00000246       0x2e ./Core/Src/stm32wlxx_it.o
 .ARM.attributes
                0x00000274       0x2e ./Core/Src/subghz.o
 .ARM.attributes
                0x000002a2       0x2e ./Core/Src/sys_app.o
 .ARM.attributes